{
    "samples": [
        {
            "-1": -7,
            "-14": 18,
            "-5": -13,
            "10": 13
        },
        {
            "-11": 10,
            "-12": 4,
            "-13": -7,
            "-3": -5,
            "-9": -13,
            "12": 5,
            "8": 2
        },
        {
            "-1": 9,
            "-12": 3,
            "-4": -9,
            "0": 13,
            "10": -6,
            "3": -10,
            "5": 1,
            "8": -3
        },
        {
            "-12": -9,
            "-13": 11,
            "-14": 14,
            "-3": 4,
            "5": -2
        },
        {
            "-12": -14,
            "12": 3,
            "8": -7
        },
        {
            "-13": -6,
            "-14": -6,
            "-3": 5,
            "13": -32,
            "14": -11,
            "5": -5,
            "7": -11
        },
        {
            "-14": -12,
            "-3": 12,
            "-9": 11,
            "5": -1
        },
        {
            "-11": -5,
            "-4": 2,
            "14": 9,
            "4": -7,
            "5": -3,
            "6": -6
        },
        {
            "-12": -3,
            "-9": 3
        },
        {
            "-10": 7,
            "-12": 11,
            "-2": 3,
            "-7": 10,
            "1": 7,
            "11": -14,
            "2": 4,
            "3": -3,
            "8": -11,
            "9": 12
        }
    ],
    "seed": 1819141666
}