{
    "samples": [
        {
            "aaab": [
                -4,
                -5,
                1,
                5,
                -9
            ]
        },
        {
            "a": [
                5,
                2
            ],
            "aaab": [
                -1,
                -6,
                -6,
                2,
                -14,
                -14,
                -11,
                -7,
                4
            ],
            "aababc": [
                13,
                -6,
                -6,
                -5,
                -14,
                8,
                7,
                -13,
                -8,
                -12,
                12
            ],
            "aacabaaaaaabaa": [
                -8,
                1,
                -10,
                -12,
                3,
                5,
                -14,
                -2
            ],
            "ab": [
                4,
                6,
                -2
            ],
            "abaaaaa": [
                -3,
                -3,
                -13,
                -12,
                4,
                -4,
                -8
            ],
            "acaaabb": [
                7,
                -4,
                -8,
                7,
                0,
                7,
                -10,
                8,
                4,
                5
            ],
            "b": [
                -6,
                -11,
                9,
                -2
            ],
            "baaabaabaaaaa": [
                0,
                -13,
                11,
                -9,
                12,
                -9,
                2,
                9,
                1,
                -9,
                -9
            ],
            "cbbba": [
                -6,
                7
            ],
            "d": [
                1,
                0,
                5,
                -8,
                4,
                -3,
                10,
                10,
                -4,
                -2,
                9
            ]
        },
        {
            "aaabbaaaaaaaaa": [
                11,
                14,
                -9,
                -13
            ],
            "bcaaaaaa": [
                12
            ]
        },
        {
            "aaa": [
                -2,
                -8,
                12,
                -11,
                4,
                -10,
                -6,
                5,
                -4,
                -6,
                -1,
                5,
                -13,
                -3
            ],
            "aaaa": [
                -5,
                -7,
                -9,
                10,
                -9,
                -11,
                8,
                4,
                -10,
                9,
                6
            ],
            "aaaaa": [
                5,
                5,
                1,
                -6,
                -1,
                -7,
                10,
                2,
                13,
                -3,
                11,
                11
            ],
            "aaaabaaa": [
                6,
                5,
                -5,
                -2,
                5,
                -2,
                2,
                -5,
                -11,
                -10,
                13
            ],
            "aaab": [
                5,
                -9,
                10,
                12,
                -8,
                14,
                7,
                5,
                -6,
                -13
            ],
            "aaabbacabaa": [
                -13,
                -3,
                5,
                10,
                -13,
                -4,
                -9
            ],
            "acaaaabaaaba": [
                -13,
                14,
                5,
                3,
                -3,
                14,
                4,
                -8,
                8
            ],
            "acaababaab": [
                -3,
                -6,
                -8
            ],
            "baaaa": [
                -9,
                10,
                -4,
                10,
                10,
                -10,
                -6,
                -4,
                -5,
                0,
                -4,
                -13,
                0,
                5
            ],
            "baaaaacaaa": [
                13,
                8,
                13,
                -13,
                7,
                4,
                -5,
                11,
                13,
                -13,
                10,
                -13
            ],
            "baacaabaaaaa": [
                9,
                -13,
                12,
                -10
            ]
        },
        {
            "aaaaab": [
                3,
                -13,
                -9,
                -14,
                13,
                -3,
                -6,
                -13,
                7
            ],
            "aaab": [
                5,
                -5,
                1,
                12,
                -6,
                1,
                -9,
                12,
                8,
                -1,
                0,
                -3,
                4
            ],
            "aaacaaa": [
                -7,
                -8,
                3,
                4,
                5,
                -6,
                -6,
                7,
                6,
                1,
                11
            ],
            "baaaabbaaa": [
                -13,
                8,
                -4,
                12
            ],
            "caaa": [
                3,
                -2,
                9
            ]
        },
        {
            "a": [
                -12,
                14,
                -1,
                6,
                -11,
                -8,
                0,
                -11,
                10,
                -12,
                13
            ],
            "aa": [
                4,
                3,
                9,
                12,
                10,
                5,
                12
            ],
            "aaaaaaaa": [
                1,
                9,
                -13,
                -6,
                14,
                -10,
                -7,
                7,
                6,
                -11,
                10
            ],
            "aaaabaaaaaba": [
                -12,
                -9,
                -10,
                -8,
                12,
                8,
                1,
                -8
            ],
            "abacaaaababa": [
                10,
                -1,
                9,
                8,
                -6,
                0,
                1,
                12,
                3,
                -10,
                -4,
                -13,
                10,
                -4,
                2,
                -10,
                -1,
                -11,
                -14,
                7,
                -4,
                -9,
                -13,
                -3
            ],
            "baabaaaaa": [
                -5,
                -12,
                9,
                -7
            ],
            "ca": [
                -10,
                -2,
                9,
                -14,
                -7,
                8,
                -6,
                -2
            ]
        },
        {
            "aaaa": [
                5,
                8,
                -12,
                -1
            ],
            "aaaaa": [
                7,
                -11,
                6,
                -7,
                13,
                12,
                -4,
                13,
                -5,
                14,
                14,
                3,
                7,
                -14
            ],
            "aaaaaaaaaaaaaa": [
                -1
            ],
            "aaacaaaaaaaca": [
                -3,
                -9,
                6,
                11,
                -2,
                2,
                -4,
                13
            ],
            "aabdaabacbab": [
                -4,
                -7,
                -3,
                11,
                -12,
                -6,
                -13
            ],
            "baaaaaaa": [
                8,
                -8,
                13,
                6,
                7,
                -3,
                11,
                -7,
                1,
                7
            ],
            "baabaadaa": [
                5,
                -4,
                -6,
                6,
                -10,
                3,
                -6,
                -9,
                2
            ],
            "bcaaaaaaababa": [
                5,
                12,
                -8,
                5
            ]
        },
        {
            "": [
                -12
            ],
            "aaaaaaaaa": [
                10,
                -12,
                1,
                -12,
                9,
                12,
                5,
                11,
                11,
                -14
            ],
            "aaabaaabab": [
                11,
                -11,
                5,
                3,
                11,
                -1,
                -14
            ],
            "aaaca": [
                9,
                5,
                -8,
                5,
                -3,
                2,
                12,
                7,
                -2,
                1,
                8,
                -7,
                -8
            ],
            "aabaaababb": [
                1,
                -9,
                14,
                -13,
                -8,
                -3,
                13
            ],
            "aaccaadaaa": [
                6,
                12,
                14,
                -13,
                -1
            ],
            "acaca": [
                -9,
                2,
                13,
                -1,
                13
            ],
            "baaabcbbbaaaaa": [
                8,
                -5,
                4,
                -9,
                7,
                9,
                -10
            ],
            "bacaaaabbba": [
                13,
                14,
                3,
                -12,
                -14,
                -1,
                3,
                -5
            ],
            "cbaabccaaa": [
                10,
                13,
                11,
                -10,
                -4,
                2,
                -8,
                12,
                -5,
                -14,
                11
            ]
        },
        {
            "": [
                -11
            ],
            "aaabb": [
                -13,
                4
            ],
            "aaacaaa": [
                -13,
                10,
                11,
                9,
                2,
                -5,
                -10,
                2,
                -10,
                -9,
                4,
                1,
                -14
            ],
            "aabaacbaaaaaa": [
                -5,
                8,
                6,
                -3
            ],
            "abaabaa": [
                -2,
                5
            ],
            "baaaaaaaaacbaa": [
                14,
                -13,
                -13,
                -10,
                6,
                7,
                -2,
                -10,
                -5
            ],
            "baabaaaaa": [
                8,
                -8,
                3
            ]
        },
        {
            "aaabaaaaa": [
                12,
                -5,
                -6,
                -3,
                5,
                -5,
                -11,
                7,
                -7,
                -4,
                -3
            ],
            "abb": [
                -1,
                9,
                -9,
                9,
                -8,
                -5,
                10,
                -1,
                8
            ]
        }
    ],
    "seed": 2102764967
}