{
    "samples": [
        {
            "aaa": {
                "A": -15,
                "B": -9,
                "C": -8,
                "D": 13
            },
            "aaaaaaaa": {
                "B": -9
            },
            "aaaaaaaacaabaa": {
                "B": -2,
                "C": -10,
                "D": -9
            },
            "aaaaaaabaca": {
                "A": -17,
                "B": 11,
                "C": -12
            },
            "aaaabaaaaaa": {
                "B": -19,
                "C": -17,
                "D": 10
            },
            "aaaabaabdaaaaa": {
                "A": -16,
                "B": 17,
                "C": 6,
                "D": -11
            },
            "aaabaac": {
                "A": 9,
                "B": -21,
                "C": 12
            },
            "aaabcbabca": {
                "A": 14,
                "B": 7,
                "C": 7,
                "D": 5
            },
            "aabbab": {
                "A": -9,
                "B": 2,
                "C": 8,
                "D": -7
            }
        },
        {
            "": {
                "A": -7,
                "B": -12,
                "C": -32,
                "D": 6
            },
            "aacabbaaaaac": {
                "A": -6,
                "B": -9,
                "C": -13,
                "D": -4
            },
            "aba": {
                "A": -4,
                "B": -19,
                "C": -10,
                "D": 1
            },
            "baaa": {
                "A": -9,
                "B": -23,
                "C": -14,
                "D": 11
            },
            "babaaaaaaabaaa": {
                "A": 5,
                "B": -15,
                "D": 17
            },
            "bbbba": {
                "A": -5,
                "B": 31,
                "C": 10,
                "D": -3
            }
        },
        {
            "aaaaaaaaabab": {
                "C": 3,
                "D": -2
            },
            "aaaaaabaabaa": {
                "A": -10,
                "B": -16,
                "C": 8,
                "D": -21
            },
            "aababaabc": {
                "A": 6
            },
            "abaaaabaaaaab": {
                "B": -7,
                "C": 15,
                "D": 8
            },
            "accba": {
                "B": 11,
                "C": 9,
                "D": -9
            },
            "bbbaaaaabbbaa": {
                "A": 27,
                "B": 1,
                "C": 17
            },
            "cdaaaaabaabaaa": {
                "A": -4,
                "B": 6,
                "C": -5,
                "D": -4
            }
        },
        {
            "aaaaaaab": {
                "A": -23,
                "B": -25,
                "C": 24,
                "D": 17
            },
            "aaaaaaabaa": {
                "D": 13
            },
            "aaaaaba": {
                "B": 8,
                "C": 11
            },
            "aaaabaaa": {
                "A": -8,
                "B": 7,
                "C": -30,
                "D": 5
            },
            "aaabaaaaaaba": {
                "A": 11,
                "B": 13,
                "C": -5,
                "D": -11
            },
            "aaabb": {
                "C": -8,
                "D": 1
            },
            "aabaaaaabaaaaa": {
                "A": -8,
                "B": -11,
                "C": 2
            },
            "aabbaaaaaa": {
                "A": -16,
                "B": -2,
                "C": -16,
                "D": 6
            },
            "bbaabbb": {
                "A": -6,
                "B": 11,
                "C": 10,
                "D": -20
            },
            "ca": {
                "C": 9,
                "D": -1
            },
            "cbaa": {
                "A": 1,
                "B": 12,
                "D": 8
            }
        },
        {
            "aaaac": {
                "A": -22,
                "B": -7,
                "C": -28,
                "D": 5
            },
            "aacaaaaaa": {
                "A": 1,
                "B": 9,
                "C": -21,
                "D": -40
            },
            "ababa": {
                "A": 11,
                "C": -15
            },
            "abbb": {
                "A": -10,
                "B": -14,
                "C": -19,
                "D": 14
            },
            "babaaaaaaaaaaa": {
                "A": 11,
                "B": -4,
                "C": 11,
                "D": -26
            }
        },
        {
            "a": {
                "A": 7,
                "B": -8,
                "C": 13
            },
            "aa": {
                "A": 8
            },
            "aaa": {
                "A": 14,
                "B": -15,
                "C": 14,
                "D": 36
            },
            "aaaaab": {
                "A": -6,
                "B": -11,
                "C": 8,
                "D": -42
            },
            "aaaabaaa": {
                "A": 30,
                "B": 24,
                "D": -4
            },
            "aabbaaaaaaaaaa": {
                "B": -9,
                "C": 16,
                "D": 14
            },
            "aabbba": {
                "A": 16,
                "B": 3,
                "C": 11,
                "D": 2
            },
            "aba": {
                "B": 13,
                "D": -7
            },
            "baa": {
                "A": 1,
                "B": 17,
                "C": -6,
                "D": 11
            },
            "bbaba": {
                "A": 4,
                "B": 4,
                "D": 2
            },
            "cabaaaabbabaa": {
                "B": 9,
                "C": -10,
                "D": 10
            }
        },
        {
            "": {
                "A": 8,
                "C": 2,
                "D": 29
            },
            "aaaba": {
                "A": 17,
                "B": 11,
                "D": -10
            },
            "abbaaaabaaaaba": {
                "A": -2,
                "B": 7,
                "C": -14,
                "D": -7
            },
            "acacaaaaa": {
                "A": 13,
                "B": 6,
                "D": 8
            },
            "caa": {
                "A": -10,
                "B": 5,
                "C": -8,
                "D": 26
            }
        },
        {
            "a": {
                "A": -15,
                "B": -4,
                "C": -18,
                "D": -1
            },
            "aa": {
                "A": -16,
                "B": 18
            },
            "aaaaaaaa": {
                "A": -14,
                "B": -14
            },
            "aaaaaaaaa": {
                "A": 8,
                "B": -4,
                "D": 20
            },
            "aaaaabaa": {
                "B": 15,
                "D": -1
            },
            "aaaaacaaa": {
                "B": 7,
                "C": -4
            },
            "aababcaa": {
                "B": 2,
                "D": 2
            },
            "aabbcaad": {
                "A": 3,
                "B": -18,
                "C": 5
            },
            "aacaaaaaaa": {
                "B": -16,
                "C": 2,
                "D": -2
            },
            "dc": {
                "D": 12
            }
        },
        {
            "": {
                "A": -16,
                "B": 2,
                "C": 32,
                "D": 11
            },
            "a": {
                "A": 13,
                "B": 7,
                "C": 19,
                "D": 2
            },
            "aaaaaac": {
                "B": 6
            },
            "aaaaaacaa": {
                "A": -8,
                "B": 13,
                "C": 38,
                "D": -10
            },
            "aaba": {
                "A": -14
            },
            "ab": {
                "A": -11,
                "B": 6,
                "C": 5
            },
            "abaaaaaaab": {
                "A": 3
            },
            "abaaaabaabbaab": {
                "C": -5,
                "D": 7
            },
            "abab": {
                "A": -4,
                "B": -8,
                "C": -12,
                "D": -7
            },
            "b": {
                "B": -5,
                "C": -6,
                "D": -8
            },
            "baacdabaaaaa": {
                "B": -7
            },
            "bbaaabcacabaa": {
                "B": 14
            }
        },
        {
            "aa": {
                "B": 9
            },
            "aaaaaaaaba": {
                "A": -20,
                "B": 10,
                "C": 4,
                "D": 7
            }
        }
    ],
    "seed": -2104289760
}