{
    "samples": [
        {
            "-10": {
                "A": 1,
                "B": 4,
                "C": 8,
                "D": 30
            },
            "-2": {
                "A": 26,
                "B": 27,
                "C": 13,
                "D": 1
            },
            "-7": {
                "B": 9,
                "C": 3
            }
        },
        {
            "-1": {
                "A": 29,
                "B": 7
            },
            "-6": {
                "A": 34,
                "B": 5,
                "D": 9
            },
            "-8": {
                "B": 12,
                "C": 18,
                "D": 12
            },
            "0": {
                "A": 17,
                "B": 14,
                "C": 17,
                "D": 33
            },
            "3": {
                "A": 31,
                "B": 12,
                "C": 5
            }
        },
        {
            "4": {
                "A": 5,
                "B": 5,
                "C": 13,
                "D": 35
            },
            "5": {
                "A": 1,
                "B": 13,
                "C": 17,
                "D": 12
            },
            "6": {
                "A": 48,
                "B": 19,
                "C": 42,
                "D": 20
            },
            "8": {
                "A": 6,
                "B": 57,
                "C": 14,
                "D": 19
            }
        },
        {
            "-12": {
                "A": 13,
                "B": 3,
                "C": 28,
                "D": 39
            }
        },
        {
            "-13": {
                "A": 6,
                "B": 12,
                "C": 29,
                "D": 26
            },
            "-6": {
                "A": 11,
                "C": 3
            },
            "13": {
                "A": 3
            },
            "14": {
                "A": 5,
                "B": 4
            }
        },
        {
            "-2": {
                "A": 41,
                "B": 22,
                "C": 33,
                "D": 39
            },
            "-3": {
                "A": 17,
                "B": 3,
                "C": 9,
                "D": 30
            },
            "-4": {
                "A": 17,
                "B": 21,
                "C": 31,
                "D": 8
            }
        },
        {
            "-11": {
                "A": 10,
                "B": 2,
                "C": 2,
                "D": 28
            },
            "-3": {
                "A": 43,
                "B": 21,
                "C": 27,
                "D": 26
            },
            "-4": {
                "A": 22,
                "B": 15,
                "C": 6
            },
            "-9": {
                "B": 12
            },
            "0": {
                "C": 13
            },
            "11": {
                "A": 14,
                "B": 5,
                "C": 23,
                "D": 29
            },
            "3": {
                "A": 43
            },
            "4": {
                "A": 17,
                "C": 21,
                "D": 8
            }
        },
        {
            "-11": {
                "A": 38,
                "B": 13,
                "C": 10,
                "D": 49
            },
            "-13": {
                "A": 3,
                "C": 19,
                "D": 17
            },
            "-4": {
                "C": 14
            },
            "-7": {
                "A": 22,
                "B": 22,
                "C": 20,
                "D": 19
            },
            "10": {
                "A": 9,
                "C": 45,
                "D": 28
            },
            "2": {
                "A": 7,
                "B": 48,
                "C": 29,
                "D": 14
            },
            "3": {
                "A": 26,
                "B": 19,
                "C": 38,
                "D": 42
            },
            "9": {
                "A": 28,
                "B": 13,
                "C": 10,
                "D": 8
            }
        },
        {
            "-10": {
                "A": 8,
                "C": 4,
                "D": 7
            },
            "10": {
                "A": 4,
                "C": 10,
                "D": 16
            },
            "14": {
                "A": 10,
                "B": 11,
                "C": 14,
                "D": 19
            }
        },
        {
            "-4": {
                "A": 20,
                "B": 19,
                "C": 40,
                "D": 14
            },
            "6": {
                "A": 11,
                "B": 13
            },
            "8": {
                "A": 24,
                "B": 8,
                "C": 20
            }
        }
    ],
    "seed": 51041275
}