{
    "samples": [
        [
            [
                [
                    7,
                    12
                ],
                "abbaaaaaa"
            ],
            [
                [
                    8,
                    10
                ],
                "baa"
            ],
            [
                [
                    11,
                    -14
                ],
                "aa"
            ],
            [
                [
                    12,
                    4
                ],
                "aaaaaabaaaaadb"
            ]
        ],
        [
            [
                [
                    -9,
                    -4
                ],
                "aba"
            ],
            [
                [
                    -8,
                    0
                ],
                "caba"
            ],
            [
                [
                    -7,
                    -9
                ],
                "caaaabaac"
            ],
            [
                [
                    -2,
                    -14
                ],
                "abaa"
            ],
            [
                [
                    -2,
                    12
                ],
                "aabcaaaaaaaba"
            ],
            [
                [
                    2,
                    -2
                ],
                "aaaaaacabaaa"
            ],
            [
                [
                    2,
                    1
                ],
                "baadaabaacba"
            ],
            [
                [
                    4,
                    -6
                ],
                "aac"
            ],
            [
                [
                    5,
                    -10
                ],
                "aaacbaaaa"
            ],
            [
                [
                    6,
                    -6
                ],
                "a"
            ],
            [
                [
                    7,
                    13
                ],
                "caa"
            ],
            [
                [
                    11,
                    -13
                ],
                "aaabaaac"
            ]
        ],
        [
            [
                [
                    -14,
                    -14
                ],
                "aaaaaa"
            ],
            [
                [
                    -13,
                    -5
                ],
                "dabacdaaa"
            ],
            [
                [
                    -12,
                    -4
                ],
                "aa"
            ],
            [
                [
                    -11,
                    -1
                ],
                "baabaaaaaabaa"
            ],
            [
                [
                    -7,
                    -10
                ],
                "a"
            ],
            [
                [
                    -4,
                    4
                ],
                "aaabaaa"
            ],
            [
                [
                    1,
                    -8
                ],
                "caa"
            ],
            [
                [
                    2,
                    -11
                ],
                "abbcca"
            ],
            [
                [
                    5,
                    10
                ],
                "aaa"
            ]
        ],
        [
            [
                [
                    -6,
                    -8
                ],
                "aaaaa"
            ],
            [
                [
                    -3,
                    11
                ],
                "a"
            ],
            [
                [
                    -1,
                    -5
                ],
                "caa"
            ],
            [
                [
                    3,
                    -7
                ],
                "aaabbaaaaaaaa"
            ],
            [
                [
                    3,
                    -4
                ],
                "aaaaa"
            ],
            [
                [
                    6,
                    9
                ],
                "baaabaaabaaac"
            ],
            [
                [
                    6,
                    12
                ],
                "aababaaa"
            ],
            [
                [
                    9,
                    -2
                ],
                "bab"
            ],
            [
                [
                    10,
                    -4
                ],
                "aacaaaaaaaaaaa"
            ],
            [
                [
                    10,
                    7
                ],
                "a"
            ],
            [
                [
                    14,
                    8
                ],
                "aaaaaaababc"
            ]
        ],
        [
            [
                [
                    -13,
                    12
                ],
                "aaaaaaaaaa"
            ],
            [
                [
                    -11,
                    -11
                ],
                "aa"
            ],
            [
                [
                    -9,
                    -4
                ],
                "dacaa"
            ],
            [
                [
                    -7,
                    -10
                ],
                "aabaaaaab"
            ],
            [
                [
                    -6,
                    12
                ],
                "bacaabbaaca"
            ],
            [
                [
                    5,
                    -8
                ],
                "aaabaaba"
            ],
            [
                [
                    10,
                    -13
                ],
                "abccabada"
            ],
            [
                [
                    13,
                    -6
                ],
                "aaaaaaaba"
            ]
        ],
        [
            [
                [
                    -14,
                    -5
                ],
                "babaa"
            ],
            [
                [
                    -14,
                    7
                ],
                "baaaaaaaaabaa"
            ],
            [
                [
                    -13,
                    14
                ],
                "aaaabaabbabba"
            ],
            [
                [
                    -12,
                    -4
                ],
                "aaaaa"
            ],
            [
                [
                    -9,
                    -2
                ],
                "aabba"
            ],
            [
                [
                    1,
                    -11
                ],
                "babaa"
            ],
            [
                [
                    4,
                    -7
                ],
                "aaaaaaabaa"
            ],
            [
                [
                    4,
                    0
                ],
                "caaaaaabaaa"
            ],
            [
                [
                    6,
                    11
                ],
                "c"
            ],
            [
                [
                    7,
                    -11
                ],
                "babba"
            ],
            [
                [
                    12,
                    -4
                ],
                "aaaaaabaa"
            ]
        ],
        [
            [
                [
                    -13,
                    -3
                ],
                "aaaaaaaa"
            ],
            [
                [
                    -11,
                    -3
                ],
                "aab"
            ],
            [
                [
                    -10,
                    -11
                ],
                "aaaaaaabaaa"
            ],
            [
                [
                    -9,
                    -4
                ],
                "aabac"
            ],
            [
                [
                    -7,
                    12
                ],
                "baaa"
            ],
            [
                [
                    -4,
                    -8
                ],
                "aadcabaaaabbaa"
            ]
        ],
        [
            [
                [
                    -13,
                    -1
                ],
                "b"
            ],
            [
                [
                    -10,
                    -3
                ],
                "baabbaaaa"
            ],
            [
                [
                    -5,
                    -8
                ],
                "a"
            ],
            [
                [
                    2,
                    8
                ],
                "aa"
            ]
        ],
        [
            [
                [
                    -13,
                    13
                ],
                "a"
            ],
            [
                [
                    -12,
                    -13
                ],
                "abc"
            ],
            [
                [
                    -11,
                    9
                ],
                "a"
            ],
            [
                [
                    -8,
                    -6
                ],
                "aababbd"
            ],
            [
                [
                    -7,
                    -7
                ],
                "aaaaaaaaaaaa"
            ],
            [
                [
                    -6,
                    -9
                ],
                "ababaababb"
            ],
            [
                [
                    7,
                    -2
                ],
                "babaaaaaa"
            ],
            [
                [
                    8,
                    7
                ],
                "ab"
            ],
            [
                [
                    8,
                    10
                ],
                "baaa"
            ],
            [
                [
                    11,
                    -10
                ],
                "aba"
            ],
            [
                [
                    13,
                    -10
                ],
                "abbaaaaabaaaaa"
            ],
            [
                [
                    13,
                    1
                ],
                "aaaaaaaaaa"
            ]
        ],
        [
            [
                [
                    -14,
                    -10
                ],
                "aaaaadaaca"
            ],
            [
                [
                    -14,
                    -8
                ],
                "acabaaaa"
            ],
            [
                [
                    -6,
                    -11
                ],
                "aaabaca"
            ],
            [
                [
                    5,
                    12
                ],
                "aabaada"
            ],
            [
                [
                    7,
                    -12
                ],
                "aaaaaaaaaa"
            ],
            [
                [
                    11,
                    9
                ],
                "cacabaaabaaaaa"
            ],
            [
                [
                    13,
                    13
                ],
                "abaadaada"
            ]
        ]
    ],
    "seed": -49794578
}