{
    "samples": [
        [
            [
                [
                    -13,
                    3,
                    4,
                    1,
                    -10,
                    1,
                    12,
                    2,
                    1,
                    -3,
                    -1,
                    -5
                ],
                "aabaaaaa"
            ],
            [
                [
                    10,
                    -1
                ],
                "ababaaaaaa"
            ],
            [
                [
                    11,
                    7,
                    11,
                    11,
                    -11,
                    -14,
                    14,
                    0,
                    -7,
                    4,
                    8,
                    10
                ],
                "abaaaaa"
            ]
        ],
        [
            [
                [
                    -14,
                    11,
                    -1,
                    6,
                    -3,
                    4,
                    11,
                    -4,
                    -10,
                    13,
                    -8,
                    5,
                    8,
                    -11
                ],
                "caacabaaaaaaaa"
            ],
            [
                [
                    -10,
                    -3,
                    10,
                    14,
                    13,
                    -11,
                    -9,
                    -14,
                    3,
                    -10,
                    10,
                    -3,
                    -5,
                    -10
                ],
                "aaaaaabaabaab"
            ],
            [
                [
                    -3,
                    7,
                    -14,
                    -12,
                    -6,
                    -13,
                    -6,
                    3,
                    11
                ],
                "babbaabacaaba"
            ],
            [
                [
                    -1,
                    0,
                    3,
                    9,
                    6,
                    -8,
                    -4,
                    14,
                    -8,
                    -4,
                    4,
                    4,
                    -1,
                    2
                ],
                "aaacaabaaabaa"
            ]
        ],
        [
            [
                [
                    -12,
                    -12,
                    -6
                ],
                "aaabbaaabaaaa"
            ],
            [
                [
                    -7,
                    6,
                    -10,
                    -7,
                    -8,
                    2
                ],
                "aaababba"
            ],
            [
                [
                    -2,
                    14,
                    -8,
                    -9
                ],
                "baaabaabaaaaa"
            ],
            [
                [
                    7,
                    1,
                    6,
                    -5,
                    13,
                    1,
                    7,
                    -3,
                    -12
                ],
                "caaaabaab"
            ],
            [
                [
                    9
                ],
                "aa"
            ]
        ],
        [
            [
                [],
                "aacaaaaabaaabaa"
            ],
            [
                [
                    -8,
                    -8,
                    -6,
                    14,
                    2,
                    10,
                    -6,
                    5
                ],
                "baaabaaaaaa"
            ],
            [
                [
                    -5,
                    -5
                ],
                "cbaaabaaca"
            ],
            [
                [
                    -5,
                    -3,
                    3,
                    -1,
                    -6,
                    4,
                    -2,
                    -9,
                    7,
                    -4,
                    11,
                    8,
                    -2
                ],
                "acaaaaca"
            ],
            [
                [
                    -2,
                    -7,
                    9
                ],
                "ab"
            ],
            [
                [
                    3
                ],
                "aabaaadc"
            ],
            [
                [
                    7,
                    -14,
                    -4
                ],
                "aaaaababaabaa"
            ]
        ],
        [
            [
                [],
                "aaaabbaabb"
            ],
            [
                [
                    -10,
                    12,
                    -6,
                    -9,
                    -4,
                    -8,
                    0,
                    -6,
                    -5,
                    -14,
                    -9
                ],
                "babaaaabaabaa"
            ],
            [
                [
                    -5,
                    0,
                    -14,
                    7,
                    3,
                    0,
                    7,
                    -10,
                    14,
                    -10
                ],
                "aa"
            ],
            [
                [
                    0,
                    14,
                    11,
                    4,
                    6,
                    -10,
                    -14
                ],
                "aaaaaaaaab"
            ],
            [
                [
                    10,
                    -5,
                    13,
                    3,
                    12,
                    2,
                    -14,
                    -3,
                    -3
                ],
                "ba"
            ]
        ],
        [
            [
                [
                    -7,
                    -11,
                    1,
                    3,
                    -1,
                    10,
                    11,
                    11,
                    -5,
                    -3,
                    2,
                    7,
                    10
                ],
                "aaab"
            ],
            [
                [
                    -7,
                    -9,
                    -8,
                    -7,
                    -2,
                    2,
                    5,
                    3,
                    -10,
                    -14
                ],
                "abcaaaaa"
            ],
            [
                [
                    4,
                    11,
                    7,
                    -14,
                    8,
                    -8,
                    0,
                    -14,
                    2,
                    -13,
                    4
                ],
                "baa"
            ]
        ],
        [
            [
                [
                    -8,
                    3,
                    11,
                    5,
                    -6,
                    -10,
                    13,
                    -8,
                    12,
                    8
                ],
                "aaaabaca"
            ]
        ],
        [
            [
                [
                    13,
                    0,
                    -11,
                    0,
                    5,
                    -8,
                    -1,
                    12,
                    -11,
                    -14,
                    -11
                ],
                "babadaababaaba"
            ]
        ],
        [
            [
                [],
                "a"
            ],
            [
                [
                    -11,
                    -2,
                    -4,
                    -1,
                    -4
                ],
                "baaaaaaaaca"
            ],
            [
                [
                    -10
                ],
                "aabb"
            ],
            [
                [
                    -8,
                    -12,
                    2,
                    9,
                    -7,
                    14,
                    12,
                    3,
                    1,
                    7,
                    3,
                    -12,
                    3,
                    -5
                ],
                "aaa"
            ],
            [
                [
                    -7,
                    6,
                    12,
                    -2,
                    -5
                ],
                "aaabaaacb"
            ],
            [
                [
                    -6,
                    -9,
                    3,
                    -14,
                    10,
                    13,
                    8
                ],
                "abbaaaaadab"
            ],
            [
                [
                    -3,
                    -5,
                    6,
                    -4,
                    -6
                ],
                "aaaaaaaaad"
            ],
            [
                [
                    6,
                    8,
                    14,
                    6
                ],
                "aaaaaaabac"
            ],
            [
                [
                    9,
                    8,
                    -1,
                    -6,
                    -13,
                    4,
                    -5,
                    -6,
                    -14,
                    4,
                    -12,
                    -8
                ],
                "baba"
            ],
            [
                [
                    10,
                    5
                ],
                "a"
            ],
            [
                [
                    14,
                    4,
                    -13,
                    1,
                    6,
                    -8,
                    11,
                    8,
                    10,
                    5
                ],
                "aaaababbdaaa"
            ]
        ],
        [
            [
                [
                    -1,
                    13,
                    11,
                    13,
                    5
                ],
                "a"
            ],
            [
                [
                    1,
                    12,
                    -3,
                    -14,
                    7,
                    -6,
                    -4,
                    -9,
                    13,
                    -3,
                    -8
                ],
                "baaaaabaaa"
            ],
            [
                [
                    12,
                    2,
                    10,
                    4,
                    10,
                    13,
                    14,
                    9,
                    14,
                    11,
                    -13,
                    -5
                ],
                "aaaaaaaaaaaca"
            ]
        ]
    ],
    "seed": 1701770352
}