{
    "samples": [
        [
            [
                [],
                {
                    "A": 28,
                    "B": 27,
                    "D": 43
                }
            ],
            [
                [
                    0,
                    13,
                    -4,
                    2,
                    0,
                    4,
                    3
                ],
                {
                    "A": 22,
                    "B": 21,
                    "D": 2
                }
            ],
            [
                [
                    4,
                    -8,
                    -8,
                    11
                ],
                {
                    "A": 29,
                    "B": 23,
                    "C": 18
                }
            ],
            [
                [
                    9,
                    9,
                    1,
                    -11,
                    10,
                    3
                ],
                {
                    "A": 3,
                    "B": 27,
                    "C": 13,
                    "D": 15
                }
            ]
        ],
        [
            [
                [
                    -13,
                    -14,
                    6,
                    13,
                    4,
                    12,
                    1,
                    -7,
                    0
                ],
                {
                    "A": 16,
                    "B": 29,
                    "C": 24,
                    "D": 50
                }
            ],
            [
                [
                    -11,
                    1,
                    12,
                    14,
                    -12,
                    -10,
                    -9,
                    9,
                    -13
                ],
                {
                    "A": 22,
                    "B": 30,
                    "C": 24,
                    "D": 7
                }
            ],
            [
                [
                    -11,
                    5,
                    13,
                    9,
                    0,
                    12,
                    -1,
                    -2,
                    -1
                ],
                {
                    "A": 28,
                    "B": 19,
                    "C": 11,
                    "D": 19
                }
            ],
            [
                [
                    -8
                ],
                {
                    "A": 8,
                    "B": 7,
                    "C": 47,
                    "D": 12
                }
            ],
            [
                [
                    0,
                    1,
                    4,
                    -5,
                    -6,
                    8,
                    -5,
                    14
                ],
                {
                    "A": 31,
                    "B": 21,
                    "C": 23
                }
            ],
            [
                [
                    1,
                    8,
                    2,
                    -3,
                    3,
                    -14,
                    -4,
                    -5,
                    14,
                    12,
                    3,
                    -5,
                    -5
                ],
                {
                    "A": 24,
                    "B": 11,
                    "C": 38,
                    "D": 37
                }
            ],
            [
                [
                    4,
                    0,
                    1,
                    -11,
                    14,
                    -1
                ],
                {
                    "B": 21,
                    "C": 38,
                    "D": 16
                }
            ],
            [
                [
                    6,
                    13,
                    4,
                    6,
                    10,
                    3,
                    7,
                    -2,
                    3,
                    -8,
                    -8
                ],
                {
                    "A": 13,
                    "B": 6,
                    "C": 34
                }
            ],
            [
                [
                    7,
                    10,
                    -10,
                    -7,
                    -6,
                    8,
                    -14
                ],
                {
                    "A": 16,
                    "B": 23,
                    "D": 18
                }
            ],
            [
                [
                    14,
                    14,
                    -13,
                    11,
                    11,
                    -14,
                    -6,
                    -12,
                    -14,
                    1,
                    7
                ],
                {
                    "A": 10,
                    "B": 45,
                    "C": 13
                }
            ]
        ],
        [
            [
                [
                    -14,
                    -8,
                    -3,
                    8,
                    -7,
                    -5,
                    0,
                    5,
                    -3
                ],
                {
                    "A": 13,
                    "B": 24,
                    "C": 13,
                    "D": 16
                }
            ],
            [
                [
                    -13,
                    14,
                    -9,
                    -2,
                    13,
                    4,
                    -13,
                    -11,
                    9,
                    -7,
                    -1,
                    2
                ],
                {
                    "A": 31,
                    "B": 20,
                    "D": 8
                }
            ],
            [
                [
                    -9,
                    -12,
                    4,
                    -7,
                    -14,
                    3,
                    0,
                    12
                ],
                {
                    "A": 39,
                    "B": 16,
                    "C": 8,
                    "D": 23
                }
            ],
            [
                [
                    -9,
                    8,
                    10,
                    -3,
                    10,
                    6,
                    -4,
                    1
                ],
                {
                    "A": 15,
                    "B": 7,
                    "C": 21,
                    "D": 3
                }
            ],
            [
                [
                    -5,
                    12,
                    -4,
                    -5,
                    3,
                    5,
                    -12,
                    14,
                    -9,
                    -11,
                    8,
                    -5,
                    9
                ],
                {
                    "B": 13,
                    "C": 1
                }
            ],
            [
                [
                    -4,
                    2,
                    -14,
                    11,
                    13,
                    -13,
                    14,
                    -5,
                    -3
                ],
                {
                    "A": 8,
                    "B": 2,
                    "C": 15,
                    "D": 28
                }
            ],
            [
                [
                    -1,
                    14,
                    9,
                    1,
                    2,
                    -8,
                    6,
                    14,
                    -5,
                    -10
                ],
                {
                    "A": 27,
                    "B": 10,
                    "C": 7,
                    "D": 28
                }
            ],
            [
                [
                    0,
                    11,
                    -9
                ],
                {
                    "A": 47,
                    "C": 20
                }
            ],
            [
                [
                    3,
                    -7,
                    3,
                    -9,
                    11,
                    -5
                ],
                {
                    "A": 14,
                    "B": 33,
                    "C": 57,
                    "D": 7
                }
            ],
            [
                [
                    4,
                    -11,
                    -5,
                    2,
                    -1,
                    -8,
                    -12,
                    4,
                    -7,
                    -13,
                    -4,
                    7
                ],
                {
                    "A": 8,
                    "B": 7,
                    "C": 5,
                    "D": 16
                }
            ],
            [
                [
                    5,
                    9,
                    14,
                    8,
                    -10,
                    -12,
                    -5,
                    10
                ],
                {
                    "A": 31,
                    "B": 10,
                    "C": 1,
                    "D": 16
                }
            ]
        ],
        [
            [
                [],
                {
                    "A": 29,
                    "B": 46,
                    "C": 14,
                    "D": 11
                }
            ],
            [
                [
                    -13,
                    -3
                ],
                {
                    "B": 27,
                    "C": 1,
                    "D": 6
                }
            ],
            [
                [
                    -9,
                    -11,
                    9,
                    8,
                    13,
                    8
                ],
                {
                    "A": 55,
                    "B": 3,
                    "C": 17,
                    "D": 23
                }
            ],
            [
                [
                    -9,
                    5,
                    7,
                    -12,
                    0,
                    3,
                    -12,
                    10,
                    7,
                    1,
                    -2,
                    9,
                    12
                ],
                {
                    "A": 11,
                    "B": 15,
                    "C": 24,
                    "D": 4
                }
            ],
            [
                [
                    -6,
                    4,
                    10,
                    6,
                    -10,
                    -8,
                    -1,
                    -3,
                    9,
                    -12,
                    -6,
                    -2,
                    6,
                    0
                ],
                {
                    "A": 1,
                    "B": 9,
                    "C": 23
                }
            ],
            [
                [
                    -4,
                    13,
                    0,
                    -2,
                    4
                ],
                {
                    "A": 18,
                    "D": 16
                }
            ],
            [
                [
                    0,
                    -9,
                    -4,
                    1,
                    5,
                    1,
                    -11,
                    13,
                    11,
                    4,
                    7,
                    -6,
                    -3,
                    -6
                ],
                {
                    "B": 6,
                    "C": 4
                }
            ],
            [
                [
                    3,
                    -2,
                    -13,
                    -14,
                    0,
                    -5,
                    9,
                    10,
                    8,
                    -7,
                    3
                ],
                {
                    "A": 7,
                    "B": 30,
                    "C": 30,
                    "D": 39
                }
            ],
            [
                [
                    4,
                    -10,
                    5,
                    -2,
                    6,
                    -2,
                    -12
                ],
                {
                    "A": 30,
                    "B": 10,
                    "D": 32
                }
            ],
            [
                [
                    14,
                    3,
                    14,
                    -13,
                    12,
                    7,
                    3,
                    3,
                    -8,
                    2,
                    -2,
                    11
                ],
                {
                    "A": 2,
                    "B": 14,
                    "C": 35,
                    "D": 58
                }
            ]
        ],
        [
            [
                [],
                {
                    "C": 14
                }
            ],
            [
                [
                    -5,
                    0,
                    0,
                    13,
                    -2,
                    -3,
                    8,
                    12
                ],
                {
                    "B": 14,
                    "C": 12,
                    "D": 26
                }
            ],
            [
                [
                    10,
                    12,
                    9,
                    13,
                    11,
                    0,
                    -2,
                    6,
                    3,
                    -9,
                    7
                ],
                {
                    "A": 16,
                    "B": 36,
                    "C": 31,
                    "D": 22
                }
            ]
        ],
        [
            [
                [],
                {
                    "A": 48,
                    "B": 27,
                    "C": 43,
                    "D": 9
                }
            ],
            [
                [
                    -8,
                    14,
                    8,
                    11,
                    -12,
                    2,
                    -2,
                    13
                ],
                {
                    "A": 26,
                    "B": 16,
                    "C": 34,
                    "D": 23
                }
            ],
            [
                [
                    -7,
                    8,
                    -6,
                    -2,
                    12,
                    -3,
                    -4,
                    -13,
                    14,
                    -5,
                    -7,
                    -13
                ],
                {
                    "A": 21,
                    "B": 23,
                    "C": 7,
                    "D": 46
                }
            ],
            [
                [
                    -3,
                    -3,
                    -13,
                    -11,
                    -4,
                    -14,
                    -12,
                    -2,
                    -5,
                    13,
                    -6,
                    -10
                ],
                {
                    "A": 29,
                    "B": 8,
                    "C": 9,
                    "D": 25
                }
            ],
            [
                [
                    -1,
                    7,
                    -14,
                    -2,
                    -2,
                    -3,
                    -13,
                    -13
                ],
                {
                    "A": 8,
                    "B": 41,
                    "C": 2,
                    "D": 41
                }
            ],
            [
                [
                    4,
                    -12
                ],
                {
                    "C": 14
                }
            ],
            [
                [
                    8,
                    -13,
                    5,
                    8,
                    -2,
                    -6,
                    14,
                    -5,
                    -9,
                    4
                ],
                {
                    "A": 33,
                    "B": 11,
                    "D": 12
                }
            ],
            [
                [
                    8,
                    -12,
                    4,
                    -8,
                    -9,
                    -5,
                    -5,
                    8
                ],
                {
                    "A": 29,
                    "C": 29,
                    "D": 40
                }
            ],
            [
                [
                    11,
                    9,
                    -4,
                    3
                ],
                {
                    "B": 11
                }
            ],
            [
                [
                    12,
                    -1,
                    10,
                    -2,
                    -6
                ],
                {
                    "B": 7,
                    "C": 9,
                    "D": 26
                }
            ]
        ],
        [
            [
                [
                    -9,
                    8,
                    -10,
                    -3,
                    0,
                    -3,
                    -5,
                    3,
                    9,
                    -3,
                    -7
                ],
                {
                    "A": 18,
                    "B": 25,
                    "C": 23,
                    "D": 57
                }
            ],
            [
                [
                    -8,
                    -14,
                    7,
                    -2,
                    -13,
                    1,
                    -13,
                    -3,
                    2,
                    -5,
                    -12,
                    -12,
                    13,
                    -2
                ],
                {
                    "A": 20,
                    "B": 8,
                    "C": 19,
                    "D": 41
                }
            ],
            [
                [
                    -2,
                    -4,
                    -5,
                    -11,
                    -13,
                    12,
                    14,
                    -4,
                    7
                ],
                {
                    "A": 34,
                    "B": 17,
                    "C": 19,
                    "D": 31
                }
            ],
            [
                [
                    3,
                    1,
                    3,
                    9,
                    -12,
                    9,
                    8,
                    -4,
                    1,
                    6,
                    -5,
                    -7,
                    13,
                    14
                ],
                {
                    "A": 31,
                    "B": 22,
                    "C": 18,
                    "D": 22
                }
            ],
            [
                [
                    4
                ],
                {
                    "A": 25,
                    "C": 4,
                    "D": 11
                }
            ],
            [
                [
                    5,
                    -7,
                    -8,
                    12,
                    5,
                    -14,
                    5
                ],
                {
                    "B": 11
                }
            ],
            [
                [
                    6
                ],
                {
                    "A": 9,
                    "B": 41
                }
            ],
            [
                [
                    12,
                    -5
                ],
                {
                    "A": 8,
                    "B": 24,
                    "C": 23,
                    "D": 13
                }
            ]
        ],
        [
            [
                [
                    7,
                    -3,
                    5,
                    -11,
                    13
                ],
                {
                    "A": 17,
                    "B": 23,
                    "C": 22,
                    "D": 12
                }
            ]
        ],
        [
            [
                [
                    -10,
                    7,
                    11,
                    9,
                    12,
                    -1,
                    0,
                    2,
                    4,
                    1
                ],
                {
                    "A": 3,
                    "B": 7
                }
            ],
            [
                [
                    -8,
                    12,
                    11,
                    13,
                    13
                ],
                {
                    "B": 9,
                    "D": 9
                }
            ],
            [
                [
                    -7,
                    -11,
                    4,
                    2,
                    10
                ],
                {
                    "B": 7,
                    "C": 10,
                    "D": 1
                }
            ],
            [
                [
                    -6,
                    6,
                    1,
                    5,
                    -7,
                    4,
                    1,
                    9,
                    -5,
                    -8,
                    9,
                    -2,
                    5
                ],
                {
                    "B": 4,
                    "D": 2
                }
            ],
            [
                [
                    -4,
                    9,
                    9,
                    12,
                    9
                ],
                {
                    "A": 10,
                    "B": 56
                }
            ],
            [
                [
                    -1,
                    -4,
                    -10,
                    2,
                    5,
                    -10,
                    0,
                    -5
                ],
                {
                    "A": 14,
                    "B": 27,
                    "C": 25,
                    "D": 5
                }
            ],
            [
                [
                    5,
                    -13,
                    11,
                    14,
                    -5,
                    0,
                    6
                ],
                {
                    "B": 8,
                    "C": 9
                }
            ],
            [
                [
                    5,
                    4,
                    13,
                    7,
                    -14,
                    8,
                    1,
                    -4,
                    -2,
                    12,
                    12,
                    11,
                    -5,
                    7
                ],
                {
                    "A": 22,
                    "B": 36,
                    "C": 6,
                    "D": 8
                }
            ],
            [
                [
                    9,
                    14,
                    -1,
                    4,
                    -12,
                    2,
                    -12
                ],
                {
                    "A": 24,
                    "B": 12,
                    "D": 14
                }
            ],
            [
                [
                    10,
                    -2,
                    -14,
                    -14,
                    -10,
                    -8,
                    -7
                ],
                {
                    "A": 14,
                    "B": 1,
                    "C": 32,
                    "D": 12
                }
            ],
            [
                [
                    13,
                    -3,
                    1,
                    -1,
                    -11,
                    7,
                    8,
                    -14,
                    5,
                    -11
                ],
                {
                    "A": 16,
                    "B": 12,
                    "C": 12,
                    "D": 8
                }
            ]
        ],
        [
            [
                [
                    -13,
                    10,
                    0,
                    11,
                    6,
                    -8,
                    -3,
                    -7,
                    3,
                    10
                ],
                {
                    "A": 21,
                    "B": 10,
                    "C": 5,
                    "D": 43
                }
            ],
            [
                [
                    -12,
                    -4,
                    8,
                    -5,
                    -12,
                    -11
                ],
                {
                    "A": 13,
                    "B": 9
                }
            ],
            [
                [
                    -12,
                    10,
                    14,
                    13,
                    -6,
                    -12,
                    12,
                    3
                ],
                {
                    "C": 15
                }
            ],
            [
                [
                    -11,
                    11
                ],
                {
                    "A": 25,
                    "B": 18,
                    "C": 12,
                    "D": 23
                }
            ],
            [
                [
                    -7,
                    -6,
                    -5,
                    -3,
                    -5,
                    -8,
                    -14,
                    -9
                ],
                {
                    "B": 5,
                    "D": 9
                }
            ],
            [
                [
                    0,
                    4,
                    -2,
                    9,
                    -3,
                    14,
                    -5,
                    -10
                ],
                {
                    "A": 8,
                    "B": 19,
                    "C": 5,
                    "D": 19
                }
            ],
            [
                [
                    2
                ],
                {
                    "A": 48,
                    "B": 15,
                    "C": 33,
                    "D": 2
                }
            ],
            [
                [
                    8,
                    -7,
                    -2,
                    3
                ],
                {
                    "A": 3,
                    "B": 10,
                    "C": 9
                }
            ]
        ]
    ],
    "seed": 1247437780
}