{
    "samples": [
        [
            [
                [
                    -7,
                    -13
                ],
                1
            ],
            [
                [
                    -1,
                    -3
                ],
                3
            ]
        ],
        [
            [
                [
                    -10,
                    2
                ],
                7
            ],
            [
                [
                    -1,
                    9
                ],
                14
            ],
            [
                [
                    0,
                    10
                ],
                4
            ],
            [
                [
                    5,
                    4
                ],
                11
            ]
        ],
        [
            [
                [
                    -14,
                    1
                ],
                2
            ],
            [
                [
                    -14,
                    5
                ],
                9
            ],
            [
                [
                    -12,
                    4
                ],
                9
            ],
            [
                [
                    -11,
                    11
                ],
                13
            ],
            [
                [
                    -11,
                    14
                ],
                3
            ],
            [
                [
                    5,
                    2
                ],
                1
            ],
            [
                [
                    7,
                    0
                ],
                13
            ],
            [
                [
                    8,
                    4
                ],
                4
            ],
            [
                [
                    11,
                    -7
                ],
                11
            ],
            [
                [
                    13,
                    -2
                ],
                7
            ]
        ],
        [
            [
                [
                    -9,
                    3
                ],
                8
            ],
            [
                [
                    -4,
                    -4
                ],
                7
            ],
            [
                [
                    12,
                    -1
                ],
                2
            ]
        ],
        [
            [
                [
                    -10,
                    14
                ],
                12
            ],
            [
                [
                    -5,
                    9
                ],
                2
            ],
            [
                [
                    1,
                    0
                ],
                13
            ]
        ],
        [
            [
                [
                    0,
                    -10
                ],
                11
            ]
        ],
        [
            [
                [
                    -11,
                    9
                ],
                11
            ],
            [
                [
                    -8,
                    -3
                ],
                11
            ],
            [
                [
                    -6,
                    -13
                ],
                4
            ],
            [
                [
                    -6,
                    8
                ],
                8
            ],
            [
                [
                    -3,
                    -14
                ],
                11
            ],
            [
                [
                    -2,
                    9
                ],
                10
            ],
            [
                [
                    6,
                    -13
                ],
                9
            ],
            [
                [
                    10,
                    -11
                ],
                12
            ],
            [
                [
                    12,
                    -10
                ],
                9
            ],
            [
                [
                    12,
                    -5
                ],
                13
            ],
            [
                [
                    14,
                    6
                ],
                9
            ]
        ],
        [
            [
                [
                    -9,
                    13
                ],
                14
            ],
            [
                [
                    -2,
                    -13
                ],
                3
            ],
            [
                [
                    0,
                    -14
                ],
                3
            ],
            [
                [
                    1,
                    -14
                ],
                7
            ],
            [
                [
                    1,
                    -4
                ],
                1
            ],
            [
                [
                    7,
                    -7
                ],
                9
            ],
            [
                [
                    7,
                    0
                ],
                13
            ],
            [
                [
                    13,
                    4
                ],
                1
            ]
        ],
        [
            [
                [
                    -6,
                    -5
                ],
                9
            ],
            [
                [
                    -6,
                    1
                ],
                13
            ],
            [
                [
                    11,
                    -1
                ],
                10
            ],
            [
                [
                    12,
                    4
                ],
                12
            ],
            [
                [
                    14,
                    -3
                ],
                8
            ]
        ],
        []
    ],
    "seed": 8531488
}