{
    "samples": [
        [
            [
                [
                    -12,
                    -7
                ],
                {
                    "A": 23,
                    "B": 11,
                    "D": 32
                }
            ],
            [
                [
                    -11,
                    -10
                ],
                {
                    "A": 5,
                    "B": 8,
                    "C": 19,
                    "D": 13
                }
            ],
            [
                [
                    -9,
                    2
                ],
                {
                    "A": 90,
                    "B": 23,
                    "C": 22,
                    "D": 4
                }
            ],
            [
                [
                    -5,
                    -12
                ],
                {
                    "A": 24,
                    "C": 17
                }
            ],
            [
                [
                    -4,
                    -12
                ],
                {
                    "A": 51,
                    "B": 12,
                    "D": 25
                }
            ],
            [
                [
                    -4,
                    -3
                ],
                {
                    "A": 15,
                    "B": 5,
                    "C": 9,
                    "D": 11
                }
            ],
            [
                [
                    -2,
                    1
                ],
                {
                    "C": 10
                }
            ],
            [
                [
                    1,
                    -13
                ],
                {
                    "A": 37,
                    "C": 35,
                    "D": 23
                }
            ],
            [
                [
                    1,
                    -12
                ],
                {
                    "A": 3,
                    "B": 22,
                    "D": 42
                }
            ],
            [
                [
                    5,
                    -14
                ],
                {
                    "A": 24,
                    "B": 11,
                    "C": 13,
                    "D": 23
                }
            ],
            [
                [
                    7,
                    2
                ],
                {
                    "A": 17,
                    "B": 19,
                    "C": 15,
                    "D": 15
                }
            ],
            [
                [
                    12,
                    8
                ],
                {
                    "A": 35,
                    "B": 10,
                    "C": 24,
                    "D": 9
                }
            ]
        ],
        [
            [
                [
                    -10,
                    -5
                ],
                {
                    "A": 14,
                    "B": 11,
                    "D": 16
                }
            ],
            [
                [
                    -9,
                    14
                ],
                {
                    "A": 6
                }
            ],
            [
                [
                    -8,
                    7
                ],
                {
                    "A": 2,
                    "B": 1,
                    "C": 12,
                    "D": 5
                }
            ],
            [
                [
                    -5,
                    -1
                ],
                {
                    "A": 37,
                    "B": 46,
                    "C": 7,
                    "D": 2
                }
            ],
            [
                [
                    -3,
                    -10
                ],
                {
                    "B": 9,
                    "C": 6
                }
            ],
            [
                [
                    -2,
                    -5
                ],
                {
                    "A": 22,
                    "B": 36,
                    "D": 26
                }
            ],
            [
                [
                    3,
                    14
                ],
                {
                    "A": 4,
                    "B": 38,
                    "C": 25
                }
            ],
            [
                [
                    5,
                    6
                ],
                {
                    "A": 37,
                    "C": 26,
                    "D": 28
                }
            ],
            [
                [
                    6,
                    -14
                ],
                {
                    "B": 3,
                    "C": 14,
                    "D": 1
                }
            ]
        ],
        [
            [
                [
                    -3,
                    -14
                ],
                {
                    "A": 21,
                    "B": 13,
                    "C": 26,
                    "D": 26
                }
            ]
        ],
        [
            [
                [
                    -14,
                    12
                ],
                {
                    "A": 13,
                    "B": 12,
                    "C": 22,
                    "D": 35
                }
            ],
            [
                [
                    -13,
                    13
                ],
                {
                    "A": 14,
                    "B": 10,
                    "C": 17,
                    "D": 19
                }
            ],
            [
                [
                    -9,
                    -6
                ],
                {
                    "B": 8,
                    "D": 17
                }
            ],
            [
                [
                    -6,
                    9
                ],
                {
                    "A": 4,
                    "B": 11,
                    "C": 37,
                    "D": 37
                }
            ],
            [
                [
                    0,
                    0
                ],
                {
                    "A": 10,
                    "B": 12,
                    "D": 27
                }
            ],
            [
                [
                    7,
                    14
                ],
                {
                    "B": 19
                }
            ],
            [
                [
                    10,
                    6
                ],
                {
                    "A": 10
                }
            ],
            [
                [
                    14,
                    -12
                ],
                {
                    "C": 13,
                    "D": 8
                }
            ]
        ],
        [
            [
                [
                    -13,
                    -3
                ],
                {
                    "A": 32,
                    "B": 26,
                    "C": 30,
                    "D": 18
                }
            ],
            [
                [
                    0,
                    -7
                ],
                {
                    "C": 10
                }
            ],
            [
                [
                    4,
                    0
                ],
                {
                    "A": 13,
                    "B": 11,
                    "C": 11,
                    "D": 12
                }
            ],
            [
                [
                    8,
                    -9
                ],
                {
                    "A": 13,
                    "C": 8,
                    "D": 10
                }
            ],
            [
                [
                    13,
                    13
                ],
                {
                    "A": 7,
                    "B": 14,
                    "C": 8,
                    "D": 11
                }
            ]
        ],
        [
            [
                [
                    -12,
                    -6
                ],
                {
                    "C": 12,
                    "D": 9
                }
            ],
            [
                [
                    -4,
                    13
                ],
                {
                    "A": 16,
                    "D": 21
                }
            ],
            [
                [
                    0,
                    -8
                ],
                {
                    "A": 47,
                    "C": 3,
                    "D": 31
                }
            ],
            [
                [
                    3,
                    9
                ],
                {
                    "A": 23,
                    "B": 42,
                    "C": 48
                }
            ],
            [
                [
                    5,
                    -2
                ],
                {
                    "B": 15,
                    "C": 18,
                    "D": 11
                }
            ],
            [
                [
                    9,
                    -8
                ],
                {
                    "B": 26,
                    "C": 2,
                    "D": 14
                }
            ]
        ],
        [],
        [
            [
                [
                    -7,
                    -5
                ],
                {
                    "A": 10,
                    "B": 1,
                    "C": 22,
                    "D": 21
                }
            ],
            [
                [
                    -6,
                    13
                ],
                {
                    "B": 1,
                    "C": 7
                }
            ],
            [
                [
                    -4,
                    2
                ],
                {
                    "B": 8,
                    "C": 25
                }
            ],
            [
                [
                    0,
                    7
                ],
                {
                    "C": 15,
                    "D": 28
                }
            ],
            [
                [
                    3,
                    13
                ],
                {
                    "B": 12,
                    "C": 1
                }
            ],
            [
                [
                    9,
                    -9
                ],
                {
                    "A": 32,
                    "B": 9,
                    "C": 34,
                    "D": 20
                }
            ],
            [
                [
                    11,
                    2
                ],
                {
                    "A": 11,
                    "B": 4,
                    "C": 2,
                    "D": 3
                }
            ]
        ],
        [
            [
                [
                    -14,
                    6
                ],
                {
                    "A": 59,
                    "B": 24,
                    "C": 6,
                    "D": 2
                }
            ],
            [
                [
                    -7,
                    10
                ],
                {
                    "C": 8
                }
            ],
            [
                [
                    -3,
                    -2
                ],
                {
                    "A": 18,
                    "B": 35,
                    "C": 29
                }
            ],
            [
                [
                    0,
                    2
                ],
                {
                    "A": 11,
                    "C": 9
                }
            ],
            [
                [
                    6,
                    9
                ],
                {
                    "A": 17,
                    "B": 23,
                    "C": 17,
                    "D": 25
                }
            ],
            [
                [
                    9,
                    -7
                ],
                {
                    "A": 31,
                    "C": 34
                }
            ],
            [
                [
                    11,
                    8
                ],
                {
                    "A": 41,
                    "B": 11,
                    "C": 38,
                    "D": 5
                }
            ],
            [
                [
                    14,
                    -3
                ],
                {
                    "A": 13,
                    "C": 14
                }
            ]
        ],
        [
            [
                [
                    -12,
                    -1
                ],
                {
                    "A": 25,
                    "B": 7,
                    "C": 43,
                    "D": 13
                }
            ],
            [
                [
                    -4,
                    9
                ],
                {
                    "B": 6
                }
            ],
            [
                [
                    0,
                    -6
                ],
                {
                    "A": 12,
                    "B": 33,
                    "D": 7
                }
            ],
            [
                [
                    12,
                    6
                ],
                {
                    "A": 2,
                    "B": 15,
                    "C": 37,
                    "D": 12
                }
            ],
            [
                [
                    13,
                    3
                ],
                {
                    "D": 8
                }
            ]
        ]
    ],
    "seed": -224011605
}