{
    "samples": [
        {
            "-12": [
                2,
                3,
                -11,
                -4,
                -3,
                -3,
                9,
                4,
                -4,
                5,
                -1
            ],
            "-2": [
                2,
                -5,
                12,
                -10,
                -14,
                1,
                2,
                9,
                -11,
                5,
                -9,
                -10,
                -11,
                -13
            ],
            "-4": [
                -14,
                4,
                12,
                -12,
                -11,
                2,
                8,
                0,
                11,
                11
            ],
            "-8": [
                2,
                9,
                -14,
                -4,
                11,
                -3
            ],
            "12": [
                3,
                -9,
                12,
                7,
                14,
                6
            ],
            "4": [
                -6,
                10
            ]
        },
        {
            "-1": [
                -12,
                9,
                2,
                13,
                10,
                1,
                -4,
                8
            ],
            "-10": [
                -14,
                1,
                -10
            ],
            "-11": [
                -6,
                6,
                -7,
                5,
                -13,
                1,
                9,
                -11,
                13,
                9,
                -11,
                14,
                4,
                -4
            ],
            "-2": [
                -7,
                12,
                1,
                2,
                7,
                -8,
                8,
                -4,
                8
            ],
            "-6": [
                -11,
                11,
                13,
                14,
                4,
                3,
                -1
            ],
            "-8": [
                12,
                -10,
                -13,
                9,
                -7,
                -2,
                -12,
                7,
                11,
                4,
                -6,
                -10,
                -14
            ],
            "-9": [
                -1,
                -6,
                -6
            ],
            "2": [
                8,
                -12,
                -11,
                -6,
                12,
                5,
                3,
                2,
                -14,
                14
            ],
            "5": [
                -10,
                8,
                4,
                -14
            ],
            "7": [
                -12,
                14,
                -11,
                -14,
                11,
                -5
            ]
        },
        {
            "-4": [
                14,
                12,
                -9,
                -7,
                1,
                2,
                13,
                3,
                2,
                14,
                9,
                -11,
                11,
                -8,
                -12,
                0,
                1,
                9,
                -2,
                7,
                11,
                -14,
                14,
                -13,
                2,
                -1,
                4
            ],
            "-7": [
                12,
                7,
                -9,
                11,
                4,
                -2,
                9,
                -5,
                -2,
                -7,
                6
            ],
            "-9": [
                3,
                3,
                -3,
                9,
                2,
                6,
                -4,
                3,
                -7,
                -1
            ],
            "13": [
                3,
                10,
                7,
                -3,
                -12,
                -1,
                -2,
                6,
                -11,
                -11,
                -4
            ],
            "2": [
                1,
                11,
                -2,
                5
            ],
            "5": [
                12,
                -9,
                1,
                -9
            ]
        },
        {
            "9": [
                13,
                -5,
                -5,
                0,
                -14,
                9,
                14,
                12,
                13,
                -14,
                -5
            ]
        },
        {
            "-13": [
                9,
                4,
                12
            ],
            "-14": [
                -1,
                1
            ],
            "-2": [
                -11,
                4,
                -2,
                -6,
                1,
                -10,
                -6,
                -11,
                0,
                -14,
                -5,
                -3,
                14,
                4,
                14
            ],
            "-4": [
                14,
                13,
                -1,
                -10,
                2,
                7,
                2,
                -4,
                -7,
                -11,
                11,
                1,
                4,
                -8
            ],
            "-6": [
                -12,
                10,
                14,
                11,
                8,
                11,
                6,
                4,
                -12
            ],
            "-7": [
                -9,
                -6,
                -14,
                10
            ],
            "10": [
                2,
                -1,
                -9,
                -13,
                6,
                -11,
                -2,
                -7,
                -12,
                10,
                -8,
                5,
                14,
                2
            ],
            "11": [
                3,
                14
            ],
            "13": [
                -10,
                1,
                5,
                -6,
                7
            ],
            "14": [
                -3,
                -10
            ],
            "7": [
                14,
                -6,
                3,
                -11,
                7,
                -13
            ]
        },
        {
            "-6": [
                14,
                7,
                -8,
                9,
                0,
                14,
                6,
                2,
                12,
                -1,
                9,
                -10
            ],
            "14": [
                -13,
                -14
            ]
        },
        {
            "-7": [
                -10,
                9,
                5,
                4,
                6,
                -4,
                14,
                -10,
                -7
            ],
            "0": [
                9
            ],
            "10": [
                -5,
                -5
            ],
            "13": [
                7,
                14,
                1,
                0,
                3,
                -3,
                -10
            ],
            "4": [
                -1,
                -7,
                -7,
                -14,
                1,
                -10,
                3
            ]
        },
        {
            "-2": [
                -11,
                -4
            ],
            "10": [
                0,
                -6,
                0,
                9,
                -9,
                -11,
                -14,
                9,
                -1,
                -4,
                -11,
                -4,
                -6,
                -5
            ]
        },
        {
            "-12": [
                8,
                0,
                0
            ]
        },
        {
            "-14": [
                0
            ],
            "-3": [
                10,
                -1,
                2,
                -5,
                8
            ],
            "-5": [
                3,
                7,
                -14,
                -3,
                -14,
                6,
                -11,
                7,
                0,
                -8
            ]
        }
    ],
    "seed": 823018607
}