{
    "samples": [
        [
            [
                [
                    -14
                ],
                "baaaabaaaaad"
            ],
            [
                [
                    -6,
                    -2,
                    -9
                ],
                "aaaaaaaaaa"
            ],
            [
                [
                    -1,
                    11,
                    -10,
                    12
                ],
                "aaaaaa"
            ],
            [
                [
                    1,
                    0,
                    4,
                    -13,
                    8,
                    5,
                    -8,
                    1,
                    10,
                    12,
                    -8,
                    -14,
                    -8
                ],
                "abaaaabababaa"
            ],
            [
                [
                    4,
                    -10,
                    -11,
                    6,
                    7,
                    11,
                    -9
                ],
                "a"
            ],
            [
                [
                    9,
                    -7,
                    -14,
                    3,
                    -2,
                    -10
                ],
                "ca"
            ],
            [
                [
                    11,
                    12,
                    1
                ],
                "aaa"
            ],
            [
                [
                    12,
                    -9,
                    -13,
                    4,
                    9,
                    1,
                    11,
                    -12,
                    -9,
                    -4,
                    -6,
                    -8,
                    -3
                ],
                "bbbaaaaaba"
            ],
            [
                [
                    12,
                    10
                ],
                "abaaaaaaaaa"
            ]
        ],
        [
            [
                [
                    -2,
                    5,
                    12,
                    9,
                    -12,
                    7,
                    14,
                    -13,
                    -14
                ],
                "b"
            ],
            [
                [
                    1,
                    0,
                    -13,
                    -11
                ],
                "aaba"
            ],
            [
                [
                    3,
                    -2,
                    -10,
                    -10,
                    -12,
                    -11,
                    -7,
                    12,
                    -1
                ],
                "aaaaaa"
            ],
            [
                [
                    6
                ],
                "aacbaaaaaa"
            ],
            [
                [
                    6,
                    11,
                    0,
                    -14,
                    3,
                    -2
                ],
                "aba"
            ],
            [
                [
                    7,
                    -10,
                    3,
                    -10,
                    -5,
                    13
                ],
                "abaaaaaaaaab"
            ],
            [
                [
                    8,
                    9,
                    -2,
                    -6
                ],
                "aaaaaaaaaaaaaa"
            ]
        ],
        [
            [
                [
                    -8,
                    10,
                    -8,
                    -6,
                    1,
                    9,
                    -14,
                    -11,
                    10,
                    5,
                    -4,
                    1,
                    9,
                    -11
                ],
                "cbaaba"
            ],
            [
                [
                    -6,
                    -13,
                    8,
                    12,
                    8,
                    -8,
                    -11
                ],
                "baaaaaa"
            ],
            [
                [
                    -5
                ],
                "aaaabaaaaaaacb"
            ],
            [
                [
                    -2
                ],
                "baa"
            ],
            [
                [
                    8,
                    11,
                    2,
                    2,
                    -12,
                    -6,
                    7
                ],
                "aa"
            ],
            [
                [
                    11,
                    5,
                    12,
                    1,
                    13,
                    -6,
                    7,
                    14,
                    13
                ],
                "bababaaaaaaab"
            ]
        ],
        [
            [
                [],
                "cabaabaababbaa"
            ],
            [
                [
                    -13,
                    -12,
                    8,
                    6
                ],
                "aaabcbaaa"
            ],
            [
                [
                    -5,
                    -6,
                    9,
                    -9,
                    -5,
                    1,
                    0,
                    -10,
                    1,
                    1,
                    -5
                ],
                "abbbb"
            ],
            [
                [
                    -3,
                    -8,
                    10,
                    8,
                    -1,
                    -4,
                    -10,
                    -3,
                    -5,
                    -2,
                    8,
                    4,
                    5,
                    0
                ],
                "aab"
            ],
            [
                [
                    0
                ],
                "aaabaaaaaa"
            ],
            [
                [
                    2,
                    10,
                    2,
                    6,
                    -4,
                    11,
                    -14
                ],
                "b"
            ],
            [
                [
                    4,
                    3,
                    4,
                    -11,
                    0,
                    2,
                    -5,
                    -10,
                    10
                ],
                "aaaaabaaaaaa"
            ],
            [
                [
                    8,
                    -8,
                    -14,
                    -7,
                    -1,
                    11,
                    -13,
                    14,
                    1
                ],
                "baaaaaa"
            ],
            [
                [
                    12,
                    -7,
                    -2,
                    6,
                    -10,
                    -4,
                    -5,
                    -1,
                    2,
                    -2
                ],
                "aaaaabaaabbaa"
            ]
        ],
        [],
        [
            [
                [
                    -12,
                    -9,
                    6,
                    -5,
                    -4
                ],
                "aabaaaaaaaaa"
            ]
        ],
        [
            [
                [
                    -10,
                    -9,
                    2,
                    8,
                    -2,
                    9,
                    1,
                    -14,
                    0,
                    -7,
                    -13,
                    -14,
                    13
                ],
                "aa"
            ],
            [
                [
                    -6,
                    6
                ],
                "b"
            ],
            [
                [
                    -5,
                    -7,
                    12,
                    -14,
                    -11
                ],
                "baaaaababababa"
            ],
            [
                [
                    -2,
                    -14
                ],
                "abaaaaaaaaaaaa"
            ],
            [
                [
                    -2,
                    -10
                ],
                "abaaaaacca"
            ],
            [
                [
                    4,
                    -2,
                    8,
                    5
                ],
                "aaa"
            ],
            [
                [
                    5,
                    -4,
                    10,
                    12,
                    -11,
                    -6,
                    2,
                    -4,
                    -4,
                    -7
                ],
                "a"
            ],
            [
                [
                    6,
                    -7,
                    -6,
                    0,
                    3,
                    5,
                    13,
                    -13,
                    -8,
                    10,
                    -10,
                    -10,
                    8,
                    4
                ],
                "acaaaabbaaaaa"
            ],
            [
                [
                    9,
                    0,
                    7,
                    13,
                    -2,
                    0,
                    -9,
                    -10
                ],
                "bbaac"
            ],
            [
                [
                    14,
                    7,
                    -4,
                    -5,
                    12,
                    -14,
                    -14
                ],
                "baa"
            ]
        ],
        [
            [
                [
                    -13,
                    -13,
                    0,
                    -6,
                    14,
                    8,
                    -6,
                    6,
                    0,
                    13,
                    14
                ],
                "abaaaada"
            ],
            [
                [
                    -13,
                    14,
                    -11,
                    10,
                    14,
                    -9,
                    -9,
                    0,
                    10
                ],
                "a"
            ],
            [
                [
                    5,
                    -5,
                    -10,
                    -9,
                    -12,
                    -1,
                    9,
                    -12
                ],
                "aabcbba"
            ]
        ],
        [
            [
                [
                    -11,
                    -5,
                    -5,
                    7
                ],
                "aaa"
            ],
            [
                [
                    -11,
                    1,
                    -7,
                    13,
                    -14,
                    -11,
                    0,
                    6
                ],
                "aaaaa"
            ],
            [
                [
                    -8,
                    12,
                    2
                ],
                "aabcaaabaaaa"
            ],
            [
                [
                    -5,
                    -5,
                    10,
                    -5
                ],
                "aaacaaaaa"
            ],
            [
                [
                    -4
                ],
                "aaa"
            ],
            [
                [
                    -4,
                    6,
                    13,
                    -10,
                    6,
                    12,
                    11,
                    -2
                ],
                "abaaaa"
            ],
            [
                [
                    0,
                    12,
                    0,
                    0,
                    -9,
                    -13,
                    -1
                ],
                "aa"
            ],
            [
                [
                    2,
                    -13,
                    4,
                    11,
                    -12,
                    -1
                ],
                "aaaaaaaaa"
            ],
            [
                [
                    6,
                    -13,
                    12
                ],
                "aaaaaaacbbaaa"
            ],
            [
                [
                    6,
                    -4,
                    10,
                    5,
                    -2,
                    12,
                    12,
                    12,
                    8,
                    -13,
                    2
                ],
                "aacaaabbaa"
            ],
            [
                [
                    6,
                    2,
                    10,
                    -5,
                    4,
                    0,
                    11,
                    -14,
                    -2,
                    1,
                    4,
                    5
                ],
                "aaaab"
            ],
            [
                [
                    7,
                    9,
                    4,
                    -5,
                    1,
                    -1,
                    13,
                    -5,
                    3,
                    -12,
                    7,
                    -9,
                    -8
                ],
                "aaabbaa"
            ],
            [
                [
                    12,
                    12,
                    3,
                    14,
                    -4,
                    -5,
                    10,
                    8,
                    10,
                    2,
                    -2,
                    -13,
                    0,
                    -5
                ],
                "bbaab"
            ]
        ],
        [
            [
                [
                    -11,
                    9,
                    8,
                    -6,
                    -3,
                    -1,
                    -14,
                    3
                ],
                "baaaaaaaaababa"
            ],
            [
                [
                    -10,
                    1,
                    4,
                    -3,
                    11,
                    14,
                    -10,
                    4,
                    7,
                    2,
                    14,
                    -13
                ],
                "aaa"
            ],
            [
                [
                    -9,
                    3
                ],
                "aaab"
            ],
            [
                [
                    -5,
                    -8,
                    -4,
                    4,
                    -3,
                    10,
                    -14
                ],
                "aababa"
            ],
            [
                [
                    -5,
                    5,
                    10,
                    7
                ],
                "aaaaaaaabb"
            ],
            [
                [
                    -4
                ],
                "aaaba"
            ],
            [
                [
                    -3,
                    9,
                    4,
                    -14,
                    1,
                    -9,
                    -6,
                    -2,
                    -12
                ],
                "aaa"
            ],
            [
                [
                    0,
                    4,
                    -12
                ],
                "aaaaaaaa"
            ],
            [
                [
                    3
                ],
                "abaaaaaaaaaca"
            ],
            [
                [
                    5,
                    -6,
                    10,
                    -4,
                    -8,
                    -10,
                    -11,
                    -7,
                    -9,
                    -6,
                    2,
                    -10
                ],
                "acaaaabab"
            ],
            [
                [
                    6,
                    -13,
                    4,
                    4,
                    8,
                    8,
                    -10,
                    9,
                    -8,
                    8,
                    -5
                ],
                "aabcabaaaaaaac"
            ],
            [
                [
                    9,
                    7,
                    -4,
                    -13,
                    12
                ],
                "aaaaaaaa"
            ],
            [
                [
                    10,
                    -1,
                    14,
                    -10,
                    13,
                    -5,
                    -8
                ],
                "aaba"
            ]
        ]
    ],
    "seed": -1059936819
}