{
    "samples": [
        {
            "-3": 10,
            "-6": 1,
            "14": 12
        },
        {
            "-1": 8,
            "-2": 10,
            "-6": 4,
            "-9": 10,
            "1": 8,
            "10": 1,
            "4": 18,
            "6": 4,
            "7": 1,
            "8": 7
        },
        {
            "-1": 7,
            "-10": 12,
            "-12": 13,
            "-13": 4,
            "-4": 15,
            "-6": 8,
            "-8": 9,
            "0": 12,
            "11": 11,
            "6": 1,
            "8": 2
        },
        {
            "-1": 3,
            "-12": 10,
            "-6": 7,
            "-9": 18,
            "0": 8,
            "3": 7
        },
        {
            "-13": 8,
            "3": 4,
            "6": 1
        },
        {
            "-10": 9,
            "-11": 15,
            "-12": 8,
            "-14": 10,
            "-5": 5,
            "-6": 10,
            "1": 1,
            "2": 5,
            "3": 10,
            "5": 13,
            "8": 7,
            "9": 13
        },
        {
            "-5": 2,
            "7": 13,
            "8": 5
        },
        {},
        {
            "-14": 10,
            "0": 16,
            "10": 10,
            "13": 8,
            "8": 5,
            "9": 12
        },
        {
            "-1": 9,
            "-11": 10,
            "-2": 3,
            "-5": 12,
            "-8": 10,
            "0": 10,
            "1": 3,
            "11": 8,
            "2": 12,
            "4": 9,
            "5": 6,
            "7": 18
        }
    ],
    "seed": -1247587153
}