{
    "samples": [
        [
            [
                [
                    -13,
                    3
                ],
                [
                    3
                ]
            ],
            [
                [
                    10,
                    7
                ],
                [
                    10,
                    -1,
                    8,
                    6,
                    2,
                    -2
                ]
            ]
        ],
        [
            [
                [
                    -14,
                    -4
                ],
                [
                    6
                ]
            ],
            [
                [
                    -4,
                    -8
                ],
                [
                    -1,
                    -2,
                    3,
                    -7,
                    -10,
                    -1,
                    -14,
                    4,
                    -4,
                    -14,
                    5,
                    -12
                ]
            ],
            [
                [
                    -3,
                    -9
                ],
                [
                    -1,
                    12,
                    6
                ]
            ],
            [
                [
                    -1,
                    12
                ],
                [
                    1,
                    11,
                    8,
                    7,
                    -10,
                    -4,
                    -11,
                    10,
                    1,
                    8,
                    6,
                    7,
                    -7
                ]
            ],
            [
                [
                    0,
                    -8
                ],
                [
                    5,
                    11,
                    -2,
                    -2,
                    6,
                    -7,
                    -9,
                    3,
                    8,
                    2,
                    -11,
                    7,
                    0
                ]
            ],
            [
                [
                    4,
                    10
                ],
                [
                    11,
                    1,
                    -14,
                    12,
                    13,
                    11,
                    -11,
                    -9,
                    -14,
                    6,
                    8
                ]
            ],
            [
                [
                    11,
                    13
                ],
                [
                    12,
                    -10,
                    -3
                ]
            ],
            [
                [
                    14,
                    -2
                ],
                [
                    -2,
                    -7,
                    -13,
                    8,
                    -10
                ]
            ]
        ],
        [
            [
                [
                    10,
                    -5
                ],
                [
                    -12,
                    4,
                    -11,
                    4,
                    6,
                    -5,
                    -13,
                    -8,
                    1,
                    5,
                    -8,
                    4,
                    10,
                    -4
                ]
            ],
            [
                [
                    10,
                    -4
                ],
                [
                    -4,
                    -8,
                    -14,
                    -2,
                    -13,
                    -7,
                    -5,
                    -4,
                    14
                ]
            ]
        ],
        [
            [
                [
                    -14,
                    -7
                ],
                [
                    -10,
                    -2,
                    -13,
                    -5,
                    8,
                    -2,
                    12
                ]
            ],
            [
                [
                    -7,
                    9
                ],
                [
                    1,
                    0,
                    -12,
                    10,
                    11,
                    -5,
                    4
                ]
            ],
            [
                [
                    -6,
                    4
                ],
                [
                    1,
                    -12,
                    -1,
                    8,
                    -12,
                    2,
                    -6,
                    10
                ]
            ],
            [
                [
                    -2,
                    4
                ],
                [
                    -13
                ]
            ],
            [
                [
                    1,
                    11
                ],
                [
                    -1,
                    4,
                    1,
                    6,
                    3,
                    -4,
                    -7
                ]
            ],
            [
                [
                    2,
                    -11
                ],
                [
                    9,
                    -10,
                    -1
                ]
            ],
            [
                [
                    5,
                    0
                ],
                [
                    12,
                    -7,
                    13,
                    5,
                    -10,
                    10,
                    -6,
                    14,
                    -3
                ]
            ],
            [
                [
                    8,
                    -3
                ],
                [
                    13,
                    -7,
                    10,
                    -4,
                    -11,
                    -11
                ]
            ],
            [
                [
                    9,
                    -10
                ],
                [
                    12,
                    -12,
                    -7,
                    -14,
                    11,
                    14,
                    11,
                    7,
                    12,
                    14,
                    -7,
                    0,
                    -9
                ]
            ],
            [
                [
                    10,
                    6
                ],
                [
                    -7,
                    9,
                    12,
                    14,
                    -9,
                    -2,
                    10,
                    -9,
                    -9,
                    13
                ]
            ],
            [
                [
                    13,
                    -14
                ],
                [
                    -8,
                    -5,
                    -2,
                    -6
                ]
            ],
            [
                [
                    13,
                    -2
                ],
                [
                    -10
                ]
            ]
        ],
        [
            [
                [
                    12,
                    13
                ],
                [
                    -1,
                    7,
                    14,
                    3,
                    5,
                    -1,
                    1,
                    -13,
                    10,
                    -11,
                    8,
                    -12,
                    13,
                    -4
                ]
            ]
        ],
        [
            [
                [
                    -10,
                    -8
                ],
                [
                    14,
                    -4,
                    11,
                    -14,
                    -10,
                    8,
                    1,
                    -4,
                    -8,
                    12,
                    -8,
                    14,
                    -6,
                    12
                ]
            ],
            [
                [
                    -10,
                    6
                ],
                [
                    14,
                    -4,
                    0,
                    -11,
                    7,
                    14,
                    -3
                ]
            ],
            [
                [
                    -8,
                    -6
                ],
                [
                    7,
                    14,
                    12,
                    9,
                    13,
                    6,
                    11,
                    1,
                    -6,
                    -4,
                    0,
                    10,
                    -13,
                    4
                ]
            ],
            [
                [
                    -2,
                    -10
                ],
                [
                    11,
                    -12,
                    -3,
                    6,
                    -6,
                    -11,
                    -5,
                    9,
                    13,
                    3,
                    7,
                    -7,
                    4,
                    1
                ]
            ]
        ],
        [
            [
                [
                    -7,
                    -7
                ],
                [
                    5,
                    -4,
                    -2,
                    -1,
                    -13,
                    12,
                    14,
                    6,
                    2
                ]
            ],
            [
                [
                    -4,
                    13
                ],
                [
                    14,
                    8,
                    0,
                    8,
                    -5,
                    12,
                    6,
                    -11,
                    -6,
                    -1,
                    11,
                    2,
                    -14
                ]
            ],
            [
                [
                    -3,
                    10
                ],
                [
                    4,
                    3,
                    10,
                    1,
                    -13,
                    1,
                    -11,
                    10
                ]
            ],
            [
                [
                    7,
                    -6
                ],
                [
                    -8,
                    -3,
                    6,
                    -6,
                    -8,
                    -9,
                    13,
                    5,
                    -10,
                    -13
                ]
            ],
            [
                [
                    10,
                    2
                ],
                [
                    -13,
                    4,
                    -3,
                    -5,
                    10,
                    1,
                    12,
                    11
                ]
            ]
        ],
        [
            [
                [
                    -9,
                    -3
                ],
                [
                    14
                ]
            ],
            [
                [
                    3,
                    2
                ],
                [
                    9,
                    2,
                    -1,
                    -2,
                    9,
                    2,
                    0,
                    -7,
                    -8,
                    14,
                    -1,
                    -2
                ]
            ],
            [
                [
                    4,
                    -13
                ],
                [
                    13,
                    -12,
                    8,
                    3,
                    -4
                ]
            ],
            [
                [
                    4,
                    -11
                ],
                [
                    0,
                    -4,
                    -7
                ]
            ],
            [
                [
                    4,
                    3
                ],
                [
                    11,
                    3,
                    10,
                    -13,
                    13
                ]
            ],
            [
                [
                    5,
                    -2
                ],
                [
                    6,
                    -4,
                    -14,
                    -7,
                    8,
                    -10
                ]
            ],
            [
                [
                    14,
                    -11
                ],
                [
                    -10,
                    7,
                    7,
                    -12
                ]
            ]
        ],
        [],
        [
            [
                [
                    -9,
                    -8
                ],
                [
                    -14,
                    1,
                    -13,
                    1,
                    -14,
                    -13,
                    10,
                    4,
                    0,
                    13,
                    9,
                    0,
                    14
                ]
            ],
            [
                [
                    -8,
                    -8
                ],
                [
                    -11,
                    -7,
                    10
                ]
            ],
            [
                [
                    -6,
                    0
                ],
                [
                    -10,
                    0,
                    -13,
                    7
                ]
            ],
            [
                [
                    -1,
                    4
                ],
                [
                    3,
                    6
                ]
            ],
            [
                [
                    7,
                    -5
                ],
                [
                    -8,
                    0,
                    -3,
                    2
                ]
            ],
            [
                [
                    10,
                    0
                ],
                [
                    1,
                    -14,
                    -3,
                    3,
                    -8,
                    -3,
                    -12,
                    6,
                    5,
                    8,
                    12,
                    6
                ]
            ],
            [
                [
                    13,
                    3
                ],
                [
                    -11,
                    0,
                    -14,
                    10
                ]
            ]
        ]
    ],
    "seed": -333481523
}