{
    "samples": [
        {
            "-13": 70,
            "-6": 13,
            "-7": 13,
            "-8": 0,
            "0": 10,
            "10": 13,
            "14": 11,
            "6": 0
        },
        {
            "-11": 4,
            "3": 5
        },
        {
            "-13": 5,
            "1": 7,
            "5": 12
        },
        {
            "-2": 4,
            "0": 3,
            "2": 12,
            "9": 3
        },
        {
            "-4": 2
        },
        {
            "-12": 8,
            "14": 12,
            "4": 10,
            "6": 3
        },
        {
            "-12": 5,
            "-13": 7,
            "-14": 0,
            "-4": 5,
            "-5": 88,
            "6": 9
        },
        {},
        {
            "-11": 3,
            "-12": 0,
            "-13": 5,
            "-9": 3
        },
        {
            "-12": 11,
            "-2": 6,
            "-5": 13,
            "-8": 4,
            "13": 56,
            "14": 7,
            "4": 0,
            "5": 5,
            "9": 8
        }
    ],
    "seed": -1543741490
}