{
    "samples": [
        {},
        {
            "-13": {
                "A": -12,
                "B": 19,
                "C": -23,
                "D": -10
            },
            "-4": {
                "C": -8
            }
        },
        {
            "-14": {
                "B": 3,
                "C": -7,
                "D": -18
            },
            "0": {
                "A": -10,
                "C": -8,
                "D": -7
            },
            "2": {
                "B": -22,
                "C": -7,
                "D": 8
            },
            "3": {
                "A": 6,
                "B": 5,
                "C": -16
            }
        },
        {
            "-5": {
                "A": 31,
                "B": 5,
                "C": -1,
                "D": 2
            },
            "1": {
                "C": -5,
                "D": 12
            },
            "11": {
                "A": -5,
                "B": -29,
                "C": -8,
                "D": 1
            },
            "2": {
                "A": 31,
                "B": 39,
                "C": -21,
                "D": -40
            },
            "3": {
                "A": -14,
                "B": 12,
                "C": 5,
                "D": -5
            },
            "8": {
                "A": -4,
                "B": 12,
                "C": -5,
                "D": 7
            },
            "9": {
                "A": -24,
                "B": -5,
                "D": 6
            }
        },
        {
            "-2": {
                "A": 5,
                "B": -12
            },
            "-6": {
                "A": -12,
                "B": 2,
                "C": -4
            },
            "2": {
                "A": 2
            }
        },
        {
            "-12": {
                "A": 6,
                "C": 12,
                "D": 17
            },
            "-13": {
                "A": -4,
                "B": -1,
                "D": -19
            },
            "-7": {
                "A": -4,
                "B": -3,
                "C": 17,
                "D": 17
            },
            "12": {
                "A": -4,
                "B": 9,
                "C": -14
            },
            "13": {
                "A": 26,
                "B": 2,
                "C": -6,
                "D": -7
            },
            "14": {
                "A": 5,
                "B": 8,
                "C": -10,
                "D": -1
            },
            "2": {
                "B": 8,
                "C": -9,
                "D": -5
            }
        },
        {
            "-10": {
                "A": 6
            },
            "-12": {
                "C": 10
            },
            "-14": {
                "A": -21,
                "B": 37,
                "C": 21,
                "D": 10
            },
            "10": {
                "B": 10,
                "C": -1
            },
            "6": {
                "A": -30,
                "B": -7,
                "C": -7,
                "D": 15
            }
        },
        {
            "-5": {
                "A": 11,
                "C": 20,
                "D": -9
            },
            "-8": {
                "A": 19,
                "B": -7
            },
            "0": {
                "A": 8,
                "B": 11,
                "D": -3
            },
            "10": {
                "A": 5,
                "B": -24,
                "D": -3
            },
            "11": {
                "C": 6,
                "D": -10
            },
            "7": {
                "C": -8
            }
        },
        {
            "-3": {
                "A": 12,
                "C": 2,
                "D": 3
            },
            "-9": {
                "B": -10,
                "C": -5,
                "D": 6
            },
            "12": {
                "A": -22,
                "B": 6,
                "C": -9,
                "D": 4
            },
            "2": {
                "A": 7
            }
        },
        {
            "-12": {
                "A": 9,
                "C": -9,
                "D": 19
            },
            "-9": {
                "A": 2,
                "B": 2,
                "C": 1,
                "D": 2
            },
            "13": {
                "A": -22,
                "C": -24,
                "D": 20
            },
            "5": {
                "A": 31,
                "B": -4,
                "D": -1
            }
        }
    ],
    "seed": -1302115327
}