{
    "samples": [
        {
            "aaa": {
                "A": 28,
                "B": 18,
                "C": 8,
                "D": 19
            },
            "aaaaaaaaaaaaa": {
                "B": 5,
                "D": 13
            },
            "aaaaaaaaab": {
                "A": 6,
                "B": 47,
                "C": 24,
                "D": 22
            },
            "aaaaababbaa": {
                "A": 25,
                "B": 12,
                "C": 31,
                "D": 4
            },
            "aaaba": {
                "A": 5,
                "B": 19,
                "C": 9,
                "D": 17
            },
            "ab": {
                "A": 1,
                "B": 4,
                "C": 26,
                "D": 36
            },
            "acabbaaacaaaa": {
                "A": 38,
                "B": 8,
                "C": 11,
                "D": 22
            },
            "bacaaa": {
                "A": 13,
                "C": 22,
                "D": 13
            }
        },
        {
            "": {
                "A": 26,
                "B": 4,
                "C": 2,
                "D": 8
            },
            "aaaaaaaaaacaba": {
                "A": 4,
                "B": 39,
                "C": 37,
                "D": 13
            },
            "aaaaaaab": {
                "B": 9,
                "C": 20,
                "D": 13
            },
            "aaaabaacaaaa": {
                "B": 19,
                "C": 12,
                "D": 2
            },
            "aabaaa": {
                "A": 20,
                "B": 44,
                "C": 39,
                "D": 8
            },
            "aabaabbaaa": {
                "A": 16,
                "B": 11,
                "C": 23
            },
            "aacaaab": {
                "A": 9,
                "B": 16,
                "C": 25,
                "D": 42
            },
            "aadaabaaaaaa": {
                "A": 9,
                "C": 13,
                "D": 14
            },
            "abb": {
                "A": 15,
                "D": 6
            },
            "abc": {
                "B": 1,
                "C": 20
            },
            "baaaaa": {
                "A": 14,
                "B": 9,
                "D": 36
            },
            "baaabacb": {
                "A": 12,
                "B": 23,
                "C": 56
            }
        },
        {
            "aa": {
                "D": 10
            },
            "aaa": {
                "A": 17,
                "B": 13,
                "D": 1
            },
            "aaaaaa": {
                "B": 19,
                "C": 50,
                "D": 24
            },
            "aaaaacbaaa": {
                "A": 5,
                "B": 4,
                "D": 10
            },
            "aabaaaab": {
                "A": 22,
                "C": 12,
                "D": 13
            },
            "aabaaacaaabac": {
                "A": 13,
                "B": 6
            },
            "aacaaaabaaa": {
                "A": 16,
                "B": 26,
                "C": 15,
                "D": 25
            },
            "aba": {
                "B": 8
            },
            "acaabaababaaaa": {
                "B": 50
            },
            "acabaa": {
                "A": 34,
                "B": 20,
                "C": 22,
                "D": 20
            }
        },
        {
            "a": {
                "B": 14
            },
            "aaaaaaaaaaaaaa": {
                "A": 18,
                "B": 10,
                "C": 4,
                "D": 25
            },
            "aaabacaaa": {
                "B": 26
            },
            "abacaaabaaad": {
                "A": 3,
                "B": 14,
                "C": 22,
                "D": 22
            },
            "abacbaba": {
                "A": 19,
                "B": 35,
                "C": 17,
                "D": 26
            },
            "abbaaaaaaa": {
                "A": 35,
                "B": 5,
                "C": 33,
                "D": 25
            },
            "baa": {
                "A": 20,
                "B": 15,
                "C": 3,
                "D": 9
            }
        },
        {
            "aaaaaa": {
                "A": 24,
                "B": 40,
                "C": 3,
                "D": 12
            },
            "aabaaaaaa": {
                "B": 18,
                "D": 14
            },
            "baabbbaaa": {
                "A": 4,
                "B": 7
            },
            "cabaa": {
                "A": 18,
                "D": 14
            }
        },
        {
            "aaaaa": {
                "A": 16,
                "B": 11,
                "D": 33
            },
            "aaaaabaaabb": {
                "A": 13,
                "B": 28,
                "C": 22,
                "D": 17
            },
            "aaabaaabaaca": {
                "B": 6,
                "D": 8
            },
            "aaabaacaa": {
                "A": 23,
                "B": 15,
                "C": 14,
                "D": 13
            },
            "aabaaaa": {
                "A": 11,
                "B": 15,
                "C": 21
            },
            "aca": {
                "B": 19,
                "C": 10,
                "D": 12
            },
            "acaaaac": {
                "B": 33,
                "C": 7,
                "D": 2
            },
            "acb": {
                "B": 12,
                "C": 29,
                "D": 33
            },
            "baaaaaaab": {
                "A": 17,
                "B": 5,
                "C": 7,
                "D": 15
            },
            "dababaaa": {
                "A": 12,
                "B": 27,
                "C": 21,
                "D": 7
            }
        },
        {
            "aa": {
                "A": 22,
                "B": 22,
                "C": 28,
                "D": 25
            },
            "aaaaab": {
                "A": 47,
                "B": 8,
                "C": 23,
                "D": 18
            },
            "baada": {
                "A": 8,
                "B": 16,
                "C": 16,
                "D": 14
            }
        },
        {
            "a": {
                "A": 15,
                "B": 34,
                "C": 24,
                "D": 13
            },
            "aaa": {
                "B": 4,
                "D": 12
            },
            "aaabaaadaaaaaa": {
                "B": 1,
                "C": 10,
                "D": 25
            },
            "aaabaabaaaabaa": {
                "B": 6
            },
            "aabaabaaaaaaa": {
                "A": 37,
                "B": 19,
                "C": 7,
                "D": 10
            },
            "b": {
                "A": 9,
                "B": 14,
                "C": 14,
                "D": 9
            },
            "cabaaaaaaa": {
                "B": 3,
                "C": 15,
                "D": 14
            }
        },
        {
            "": {
                "A": 11,
                "B": 14,
                "C": 11
            },
            "aacaaa": {
                "A": 24,
                "B": 17,
                "C": 5,
                "D": 13
            },
            "bbaaaaac": {
                "C": 5,
                "D": 24
            }
        },
        {
            "": {
                "A": 31,
                "B": 17,
                "C": 11,
                "D": 2
            }
        }
    ],
    "seed": 1761786884
}