{
    "samples": [
        {
            "-1": [
                -10,
                10,
                1,
                14,
                2,
                10
            ],
            "-13": [
                -12,
                -12,
                -2,
                5,
                -10,
                -7,
                -12,
                -2,
                8,
                -13,
                -9,
                -3,
                1,
                -6,
                -7,
                -12,
                1,
                4,
                -8,
                -14
            ],
            "-4": [
                5,
                -6,
                1,
                1,
                0,
                10,
                -12,
                1
            ],
            "-6": [
                -13,
                -4,
                5,
                -12
            ],
            "0": [
                -9,
                -12,
                -4,
                6,
                13,
                5,
                -6,
                -3,
                -7,
                -11,
                -1,
                -9,
                1
            ],
            "11": [
                -13,
                13,
                -6,
                2,
                -13,
                1,
                5
            ],
            "3": [
                12
            ],
            "9": [
                -1,
                -11,
                10,
                4,
                13,
                11,
                -9,
                6,
                6,
                9,
                -6,
                2,
                -2,
                -6,
                -11,
                -9,
                -8,
                3,
                0,
                8,
                -1,
                0,
                -3,
                -8,
                6,
                -7,
                -4,
                4,
                2,
                1,
                -13,
                7,
                -13
            ]
        },
        {},
        {
            "-10": [
                1
            ],
            "-4": [
                -4,
                -7,
                -7,
                14,
                4,
                -12,
                -1,
                -5,
                -7,
                -5,
                7,
                -11,
                12,
                -6,
                0,
                12,
                0,
                6,
                -8,
                2,
                -9,
                1,
                -3,
                12,
                -12,
                -6,
                13,
                0,
                -1,
                -12
            ],
            "-8": [
                7,
                -5,
                -9,
                -8,
                -13
            ],
            "0": [
                -10,
                -14,
                4,
                2,
                -7,
                5,
                8,
                -8,
                -12,
                -1,
                -7,
                0,
                -3,
                -1,
                -7,
                3,
                -8,
                7
            ],
            "11": [
                0,
                2,
                -5,
                -6
            ],
            "13": [
                4,
                14,
                -1,
                11,
                -2,
                -8,
                12,
                -11
            ],
            "3": [
                4,
                -12,
                -8,
                -8,
                0,
                2
            ],
            "7": [
                11,
                2,
                -4,
                -10,
                14,
                -7,
                7,
                5,
                -7,
                9,
                11,
                10,
                10
            ],
            "8": [
                5,
                9,
                8,
                -13,
                1,
                -14,
                12
            ]
        },
        {
            "-10": [
                7,
                12,
                1,
                -3,
                -12,
                -6
            ],
            "-12": [
                -2,
                8,
                -5,
                -14,
                11,
                4,
                -9,
                12,
                -14,
                -12,
                0,
                11,
                -10
            ],
            "-13": [
                0,
                -6,
                -10,
                11,
                14,
                -9,
                13,
                -11,
                -14,
                9,
                9,
                1,
                13
            ],
            "-14": [
                6,
                -1,
                -10,
                13,
                13,
                -8,
                -9,
                -5,
                5,
                4,
                -2,
                12,
                -2
            ],
            "-6": [
                0,
                6,
                9,
                -2,
                3,
                -2,
                -4,
                -5,
                -4,
                -5,
                -10,
                -13
            ],
            "1": [
                12,
                9,
                13,
                -9,
                14,
                7,
                6,
                -13,
                7,
                14,
                -9,
                -12,
                -7,
                -10,
                14,
                -13
            ],
            "14": [
                12,
                11,
                1,
                2,
                3,
                -7,
                4,
                -1,
                13,
                -8,
                -14,
                -4,
                -10,
                -8,
                -2,
                6,
                7,
                8,
                14,
                13
            ],
            "2": [
                -9,
                -9,
                14
            ],
            "5": [
                -6,
                -12,
                -3,
                0,
                -2,
                -13,
                -6
            ],
            "6": [
                14,
                11,
                -10,
                -1,
                8,
                -9,
                -11,
                -14,
                8,
                -1
            ]
        },
        {
            "-1": [
                10,
                5,
                -5,
                3,
                -1,
                -12,
                13,
                -4,
                -14,
                -12,
                13,
                -6
            ],
            "-12": [
                -13,
                4,
                6,
                -14
            ],
            "-14": [
                -8,
                -6,
                -2,
                -6,
                -12,
                0,
                -7,
                -5,
                -12,
                -8,
                12
            ],
            "-5": [
                -10,
                9,
                -9,
                -8,
                -1
            ],
            "-7": [
                0,
                2,
                -2,
                -12,
                4,
                1,
                -8,
                9,
                -9,
                7,
                -1,
                -10,
                8,
                -9,
                13,
                -14,
                -8,
                -14,
                -4
            ],
            "-8": [
                -7,
                -9,
                -5,
                -11
            ],
            "13": [
                -2,
                -14,
                -3,
                2
            ],
            "14": [
                4,
                -11,
                -8,
                -1,
                0,
                14,
                3,
                0
            ],
            "4": [
                1,
                4
            ],
            "5": [
                1,
                -1,
                9,
                3,
                5,
                -11,
                -12,
                -1,
                -7,
                10,
                -2
            ],
            "7": [
                -6,
                -2
            ],
            "9": [
                4,
                6,
                -1,
                -8,
                -2,
                8,
                -2
            ]
        },
        {
            "-14": [
                -3,
                -12,
                13,
                -2,
                -1,
                -11,
                0,
                14,
                -5,
                -10,
                -3,
                -5
            ],
            "-5": [
                -8,
                3,
                14,
                -11,
                -3,
                -8,
                -9,
                9,
                8,
                -9,
                -4,
                4,
                3
            ],
            "-7": [
                11,
                -7,
                10,
                6,
                14,
                -10,
                1,
                9,
                -9,
                12,
                6,
                -8,
                1
            ],
            "1": [
                14,
                10,
                9,
                -1
            ],
            "10": [
                -8,
                -5,
                14,
                2,
                6,
                -7,
                8,
                9,
                -6,
                -11,
                -8
            ],
            "11": [
                -12,
                -11,
                -14
            ],
            "2": [
                3,
                5
            ],
            "4": [
                -1,
                -6,
                2,
                4,
                -9,
                8,
                -7,
                2
            ],
            "5": [
                11,
                -3,
                1
            ],
            "6": [
                -9,
                10,
                -11,
                7,
                -14,
                5,
                9,
                10,
                9,
                4,
                -12,
                11
            ]
        },
        {
            "-10": [
                11,
                14,
                -2,
                4,
                7,
                3,
                -9,
                -8,
                -12,
                -6,
                10,
                -11,
                -14
            ],
            "-11": [
                -10,
                -5
            ],
            "-14": [
                -9,
                14,
                6,
                14,
                10,
                -8,
                12,
                11,
                8,
                12,
                -10,
                -3,
                -14,
                10,
                13
            ],
            "-2": [
                9,
                -11,
                -7,
                -14,
                7,
                -3,
                -11,
                -9,
                11,
                0,
                5
            ],
            "-5": [
                -7,
                12,
                -14,
                -3,
                13,
                12,
                1,
                -13,
                -10,
                9
            ],
            "-9": [
                -12,
                -9,
                -11,
                3,
                11,
                -9
            ],
            "1": [
                0,
                4,
                -2,
                14,
                9,
                1,
                12,
                13,
                -8
            ],
            "14": [
                0,
                11,
                4,
                -12,
                -4
            ],
            "5": [
                2
            ],
            "6": [
                -8,
                -8,
                11,
                10,
                -14,
                6,
                -13,
                14,
                -13,
                -2,
                2,
                -10
            ]
        },
        {
            "-1": [
                -1,
                -1,
                -13,
                9,
                3,
                12,
                2,
                6,
                -6
            ],
            "-7": [
                4
            ],
            "-9": [
                4,
                -12,
                14,
                4,
                5,
                -8
            ],
            "5": [
                -4,
                11
            ],
            "7": [
                10,
                2,
                -1,
                6,
                -6,
                -1,
                -4,
                2,
                5,
                9,
                4,
                -3,
                -3
            ],
            "8": [
                -6,
                9,
                7,
                -11
            ]
        },
        {
            "-3": [
                2
            ],
            "-4": [
                -3,
                5,
                0
            ],
            "-5": [
                3,
                8,
                13,
                -8,
                -7,
                -3,
                -7,
                -8,
                5,
                10
            ],
            "0": [
                -9,
                -11,
                6,
                13,
                1,
                7,
                -14,
                -5,
                -9,
                -13,
                -10,
                13,
                -14,
                -11,
                -14
            ],
            "1": [
                -1,
                13
            ],
            "13": [
                -3,
                9,
                13,
                -9,
                14,
                -2,
                11,
                -12,
                -14,
                6,
                7,
                -6,
                2,
                1
            ],
            "14": [
                0
            ],
            "5": [
                1,
                3,
                -12,
                -7,
                11,
                12,
                -6,
                1
            ]
        },
        {
            "11": [
                -12,
                2,
                -11,
                -2,
                6,
                13,
                -3,
                1,
                9,
                -4,
                12,
                -12,
                2,
                -3,
                -4,
                5,
                -13,
                -12,
                -11,
                10,
                -5,
                5,
                10
            ],
            "14": [
                4,
                -7,
                10
            ],
            "2": [
                -7,
                7,
                -10,
                8,
                -3,
                6,
                -3
            ],
            "3": [
                0,
                -11
            ],
            "8": [
                7,
                -12,
                -14,
                -1,
                9,
                12,
                -6,
                12,
                -14
            ]
        }
    ],
    "seed": -1234791978
}