{
    "samples": [
        {
            "aaaaaaaaa": [
                -12,
                -8,
                -5,
                -3,
                -1,
                3,
                4,
                5,
                7
            ],
            "aaaaaaacaaaa": [
                -11,
                -5,
                9
            ],
            "aaaaaabbaaaaca": [
                -12,
                -1,
                0,
                2
            ],
            "aabbacaabaacaa": [
                -13,
                -12,
                -10,
                -7,
                0,
                3,
                8,
                11
            ],
            "baaaaaaab": [
                -11,
                -10,
                -2,
                8,
                11
            ],
            "bbaaaaaacaaa": [
                -13,
                -1,
                0,
                1,
                12
            ],
            "cbaaaaabaaaa": [
                -11,
                -1,
                2,
                5,
                6,
                7,
                12
            ]
        },
        {
            "aaaaab": [
                -5,
                -4,
                -3,
                -2,
                -1,
                0,
                4,
                5,
                6,
                8,
                9,
                12
            ],
            "aaaaaba": [
                -11,
                -8,
                -7,
                -2,
                0,
                2,
                3,
                5,
                12,
                13
            ],
            "aaabb": [
                -14,
                -11,
                -5,
                -3,
                3,
                12
            ],
            "aaadb": [
                -9,
                3,
                4,
                5,
                8,
                11
            ],
            "abaaacbaa": [
                -13,
                -10,
                8
            ],
            "abaabaaa": [
                -13,
                -8,
                -6,
                -5,
                -2,
                -1,
                0,
                1,
                11
            ],
            "abb": [
                -9,
                -7,
                10
            ],
            "acaaaaaa": [
                -13,
                -7,
                2,
                9
            ],
            "baaaababbaa": [
                -14,
                -7,
                -5,
                -4,
                4,
                6,
                9
            ],
            "babaaaaaaa": [
                -12,
                -7,
                -2,
                -1,
                1,
                6,
                8,
                9,
                12
            ],
            "bbaaaaaaaa": [
                -4,
                0,
                6,
                10,
                11
            ],
            "bbaaaaaaaaaaaa": [
                6
            ],
            "caaaaaaaaaa": [
                -13,
                0
            ]
        },
        {},
        {
            "a": [
                5,
                6
            ],
            "aaaabbaaa": [
                -14,
                -11,
                1,
                2,
                3,
                4,
                7,
                11,
                12
            ],
            "aaaacdaaa": [
                -9,
                -6,
                -4,
                -1,
                2,
                3,
                4,
                7,
                8,
                9,
                11
            ]
        },
        {
            "aaa": [
                -7,
                -6,
                -4,
                -2,
                -1,
                2
            ],
            "aaaaabacaab": [
                -10,
                -9,
                -3,
                -2,
                0,
                1,
                2,
                9
            ],
            "aba": [
                -6,
                2,
                9
            ],
            "baaabacabaad": [
                -13,
                -10,
                -9,
                -5,
                10,
                14
            ],
            "caaaaaaaaab": [
                10
            ],
            "caaaaaac": [
                -14,
                -13,
                -4,
                3,
                6,
                14
            ]
        },
        {
            "aaabaaaaacaba": [
                -14,
                -13,
                -10,
                -7,
                -1,
                7,
                9,
                12
            ],
            "cdaaa": [
                -6,
                -5,
                0,
                6,
                7,
                8,
                14
            ]
        },
        {
            "": [
                -12,
                -10,
                -9
            ],
            "a": [
                -6,
                6
            ],
            "aa": [
                -9,
                -7,
                -1,
                1,
                4,
                5,
                7
            ],
            "aaa": [
                -13,
                -10,
                -9,
                -7,
                2,
                5,
                9,
                13
            ],
            "aaaaaabacaa": [
                -14,
                -12,
                -5,
                3
            ],
            "aababaaaaaaa": [
                -11,
                -9,
                -6,
                -3,
                -2,
                -1,
                1,
                5,
                8,
                14
            ],
            "b": [
                -9,
                -7,
                -4,
                4,
                10
            ],
            "baa": [
                -13,
                -9,
                -6,
                1,
                5,
                6,
                9,
                12,
                13
            ]
        },
        {
            "aaaa": [
                -10,
                -4,
                -2,
                9,
                13
            ],
            "aaaab": [
                -13,
                -12,
                -7,
                -6,
                3,
                10
            ],
            "aabaacabaaaab": [
                -9,
                -7,
                -5,
                -3,
                1,
                4,
                9,
                12,
                14
            ],
            "aacbaabb": [
                2,
                3,
                10
            ],
            "aacbcb": [
                -14,
                -12,
                4,
                5,
                11,
                13
            ],
            "abaaaa": [
                -13,
                -12,
                -10,
                -5,
                -3,
                -1,
                3,
                5,
                11,
                12
            ]
        },
        {
            "a": [
                -11,
                -9,
                -8,
                -6,
                -5,
                -2,
                1,
                6,
                7,
                8
            ],
            "aaaaaaaaaabaa": [
                12
            ],
            "aaaaaaba": [
                -12,
                -10,
                -8,
                -7,
                -6,
                -5,
                -4,
                1,
                3,
                6,
                8,
                12,
                14
            ],
            "aaaaabaababa": [
                -12,
                2,
                9
            ],
            "aaaabaacaaaaaa": [
                -13,
                -5,
                -1,
                3,
                4,
                11,
                12,
                14
            ],
            "aaaad": [
                -13,
                -11,
                -9,
                -4,
                6
            ],
            "aaba": [
                -14,
                6
            ],
            "aabaaab": [
                -13,
                -9,
                -7,
                -1,
                0,
                3,
                9
            ],
            "acabaaa": [
                -13,
                -10,
                -7,
                -3,
                0,
                2,
                3,
                4,
                5,
                11,
                12,
                13
            ],
            "babaaaa": [
                -13,
                -12,
                -10,
                -9,
                0,
                1,
                3,
                11,
                12,
                13,
                14
            ],
            "babba": [
                -7,
                -6,
                -5,
                6
            ]
        },
        {
            "": [
                -7,
                8,
                14
            ],
            "aaa": [
                -3,
                -1,
                0,
                4,
                7,
                10,
                13,
                14
            ],
            "aaaaaa": [
                -7,
                0
            ],
            "aaaaaaac": [
                -6,
                9
            ],
            "aaabbaa": [
                -14,
                -13,
                -10,
                -8,
                -3,
                -2,
                5,
                7,
                11,
                12
            ],
            "abaaaabaa": [
                -14,
                -12,
                -11,
                -8,
                -6,
                -4,
                -3,
                0,
                3,
                5,
                8,
                13
            ],
            "baaaaababaa": [
                -4,
                6
            ],
            "bcbacabaaaa": [
                -14,
                -11,
                -3,
                -2,
                -1,
                2,
                4,
                10,
                11,
                13
            ],
            "cab": [
                -14,
                -9,
                -7,
                2,
                12
            ]
        }
    ],
    "seed": -76144706
}