{
    "samples": [
        {
            "aaabaaba": [
                1,
                3,
                5,
                6,
                8,
                10,
                11,
                12,
                13,
                14
            ],
            "aaabaabaaaaab": [
                1,
                3,
                4,
                6,
                8,
                12
            ],
            "abbcb": [
                5
            ],
            "b": [
                9
            ],
            "baabaaaaaaaaaa": [
                7
            ],
            "babbaaaaaab": [
                0,
                2,
                5,
                7,
                8,
                10,
                12,
                13,
                14
            ],
            "cbbaaaacaaaa": [
                2,
                8,
                10,
                11,
                12,
                14
            ]
        },
        {
            "aa": [
                7
            ],
            "aaaaa": [
                4
            ],
            "aaaaaaa": [
                0,
                1,
                5,
                9,
                10,
                13,
                14
            ],
            "aaaaaabaa": [
                0,
                12
            ],
            "aaaaababaa": [
                1
            ],
            "aaaab": [
                6,
                11
            ],
            "aaaababacc": [
                2,
                4,
                8,
                10,
                14
            ],
            "aaababa": [
                0,
                1,
                2,
                3,
                5,
                7,
                8,
                9
            ],
            "aacaaabaaaa": [
                2,
                5,
                6,
                8,
                10,
                11,
                12,
                14
            ],
            "abaaaaaa": [
                5
            ],
            "abaaababaa": [
                0,
                2,
                4,
                7,
                12,
                13
            ],
            "abadaa": [
                3,
                4,
                5
            ],
            "baaaaa": [
                7,
                10,
                13,
                14
            ]
        },
        {
            "aaaabcaa": [
                0,
                1,
                3,
                4,
                5,
                7,
                9,
                10,
                13,
                14
            ],
            "aabaaabaa": [
                0,
                1,
                2,
                7,
                8,
                14
            ],
            "bca": [
                3,
                4,
                9,
                10,
                12,
                13
            ],
            "daabaaaaaaa": [
                0,
                1,
                5,
                6,
                10,
                12,
                13,
                14
            ]
        },
        {
            "a": [
                1,
                3,
                12,
                14
            ],
            "aaa": [
                0,
                1,
                2,
                8,
                9,
                10,
                13,
                14
            ],
            "aaaaabaa": [
                0,
                1,
                2,
                3,
                7,
                9,
                12,
                13,
                14
            ],
            "ab": [
                2,
                4,
                5,
                8,
                9,
                10,
                13,
                14
            ],
            "bcaaaa": [
                0,
                3,
                4,
                11,
                13
            ],
            "cabaaaaaba": [
                8
            ]
        },
        {
            "": [
                10,
                12,
                14
            ],
            "aaaaabb": [
                3,
                7,
                8
            ],
            "aaaaacbaaba": [
                0,
                1,
                2,
                3,
                5,
                6,
                7,
                12,
                13,
                14
            ],
            "aaaacaaaaccc": [
                3,
                7,
                8,
                9,
                14
            ],
            "aab": [
                7,
                8,
                14
            ],
            "baa": [
                2,
                3,
                10,
                11
            ]
        },
        {
            "a": [
                1,
                3,
                4,
                6,
                10,
                12
            ],
            "aaaaaaabaaa": [
                13,
                14
            ],
            "acababbaaaaa": [
                1,
                3,
                5,
                7,
                8,
                11
            ],
            "bbbcb": [
                6,
                9,
                11,
                14
            ]
        },
        {
            "aaaaabaaaaa": [
                0,
                4,
                5,
                7,
                9,
                11,
                14
            ],
            "aaaaba": [
                6,
                7,
                9,
                11,
                12
            ],
            "aaaacaaaaabaaa": [
                0,
                1,
                5,
                6,
                13,
                14
            ],
            "aaabaaab": [
                0,
                2,
                3,
                4,
                6,
                7,
                9,
                13
            ],
            "aaababbabaa": [
                1,
                3,
                9
            ],
            "baa": [
                0,
                2,
                3,
                5,
                7,
                8,
                12
            ],
            "bbaa": [
                0,
                3,
                4,
                5,
                10,
                11,
                12
            ]
        },
        {
            "": [
                0,
                2,
                4,
                5,
                8,
                9,
                10,
                11,
                12,
                14
            ],
            "aaa": [
                0,
                4,
                6,
                7,
                11
            ],
            "aaaa": [
                0,
                8,
                9,
                11,
                14
            ],
            "aaaabbadaaaaba": [
                2,
                5,
                6,
                9,
                12,
                13,
                14
            ],
            "aaaba": [
                1,
                2,
                4,
                8,
                9,
                10,
                11,
                13,
                14
            ],
            "b": [
                8
            ],
            "ba": [
                0,
                1,
                9,
                14
            ]
        },
        {
            "": [
                2,
                3,
                4,
                5,
                7,
                8,
                9,
                10,
                11,
                12,
                14
            ],
            "aa": [
                0,
                1,
                2,
                3,
                9,
                11
            ],
            "aaaa": [
                9
            ],
            "aababaaab": [
                2,
                8,
                9,
                11,
                13,
                14
            ],
            "aca": [
                11,
                12,
                13
            ],
            "caaabca": [
                0,
                3,
                5,
                9,
                10,
                13,
                14
            ]
        },
        {
            "": [
                1,
                3,
                4,
                5,
                7,
                8,
                10,
                11,
                12
            ],
            "aabaaa": [
                3,
                11
            ],
            "abaaa": [
                2,
                3,
                4,
                6,
                8,
                10,
                11,
                12
            ],
            "bbbd": [
                2,
                6,
                12
            ],
            "bc": [
                6,
                7
            ],
            "caabaaa": [
                0,
                6,
                8
            ]
        }
    ],
    "seed": 1476904113
}