{
    "samples": [
        {
            "-13": 2,
            "-14": 12,
            "-6": 6,
            "10": 55,
            "11": -12,
            "12": 8,
            "14": -112,
            "9": -4
        },
        {
            "-11": 10
        },
        {
            "-1": -9,
            "-11": 4,
            "-13": -9,
            "0": 4,
            "10": -130,
            "11": 11,
            "14": 9,
            "2": -3,
            "6": -7
        },
        {
            "-1": 5,
            "-3": -8,
            "-4": 3,
            "-5": 9,
            "-7": -11,
            "-8": 14,
            "6": 0,
            "7": 7,
            "8": -10,
            "9": 8
        },
        {
            "-1": -13,
            "-9": -14,
            "0": -143,
            "12": 11,
            "5": 9
        },
        {
            "-2": -100,
            "-6": 14,
            "9": -2
        },
        {
            "-10": -9,
            "-4": -10,
            "-5": 3,
            "-6": 60,
            "-9": -10,
            "0": -1,
            "10": 6,
            "11": -4,
            "4": -1
        },
        {
            "-13": -8,
            "-2": 9,
            "14": -11
        },
        {
            "-1": -10,
            "-10": 9,
            "0": 9,
            "11": 156,
            "2": -5,
            "6": -13,
            "8": 4,
            "9": 5
        },
        {
            "-10": 0,
            "-13": -6,
            "-3": -12,
            "-9": 9,
            "1": -14,
            "12": -11,
            "13": -18,
            "3": -4,
            "7": -30
        }
    ],
    "seed": -1160880579
}