{
    "samples": [
        {
            "": -2,
            "aaa": -2,
            "aaaaa": 11,
            "aaaabaaaaaaa": 11,
            "aaacaabaaaaaa": 12,
            "aabaaaaacaaaaa": -11,
            "aabaaaab": -10,
            "aabaabaaab": -7,
            "ac": 11,
            "b": 7,
            "babaacaabaab": -6,
            "caabaabac": -14
        },
        {
            "a": -16,
            "aa": 13,
            "aaaaaaaaaaaa": 9,
            "aaaaaaacaab": 7,
            "aaaaaab": -11,
            "aaabaaaa": -1,
            "aaacaa": -14,
            "aabaabbaaa": 10,
            "abbaaacaaaaa": -4,
            "caaaabaacabada": -3
        },
        {
            "": -9,
            "aaaaaaaaaaaaac": -6,
            "aaaaaaaaabaab": 12,
            "aaaaabbaaaa": 10,
            "aaaabaababab": -10,
            "aaaababaaa": 4,
            "aabaa": -7,
            "abaaa": 14,
            "abaabaaaaaaac": -3
        },
        {
            "aa": -9,
            "aaaaaabaa": -14,
            "aaaaaacaaaaab": 4,
            "aaabaaaababab": 1,
            "ababaabaaa": -8,
            "baab": 3
        },
        {
            "aaaaaabaaaaaa": 3,
            "aaaaacaa": 11,
            "aabbaaaaaaaa": -5,
            "ababaaaadbaaa": 7,
            "bacaaaaaacaaaa": 4
        },
        {
            "": -14,
            "aaa": 9,
            "aaaa": -8,
            "aaaaaaaaa": -8,
            "aaaaaaaaaaaaca": -4,
            "aaaaaaabbaaaaa": 12,
            "aaaaaab": -7,
            "aaabaaa": -6,
            "aaababa": 12,
            "abaaaaaacbaa": -1,
            "baaaa": 1,
            "baaac": -2,
            "bbaaa": -2
        },
        {
            "aaaaaaaaaaba": 6
        },
        {
            "aa": -12,
            "aaaaaabaaaa": 8,
            "aaaabaa": -7,
            "aadaaaaaaa": 9,
            "abaac": -14,
            "ba": 4,
            "baaa": -5,
            "baaaadcacaaaa": 9,
            "babadbbaabaaaa": 10
        },
        {
            "aa": 1,
            "abaaabbb": 14
        },
        {
            "": -4,
            "aaa": 2,
            "aaaaaaaaaabca": -9,
            "aab": 12,
            "baaa": 7,
            "bbaabcbaa": -10
        }
    ],
    "seed": -646378343
}