{
    "samples": [
        [
            [
                [
                    -9,
                    -6
                ],
                8
            ],
            [
                [
                    -7,
                    3
                ],
                -3
            ],
            [
                [
                    -6,
                    7
                ],
                4
            ],
            [
                [
                    11,
                    1
                ],
                -10
            ],
            [
                [
                    11,
                    8
                ],
                4
            ],
            [
                [
                    14,
                    2
                ],
                -11
            ]
        ],
        [
            [
                [
                    6,
                    -9
                ],
                -12
            ]
        ],
        [
            [
                [
                    -12,
                    -9
                ],
                7
            ],
            [
                [
                    -8,
                    -6
                ],
                -7
            ],
            [
                [
                    -6,
                    14
                ],
                3
            ],
            [
                [
                    -2,
                    -6
                ],
                11
            ],
            [
                [
                    0,
                    -10
                ],
                9
            ],
            [
                [
                    0,
                    14
                ],
                8
            ],
            [
                [
                    2,
                    -3
                ],
                7
            ],
            [
                [
                    10,
                    8
                ],
                13
            ]
        ],
        [
            [
                [
                    7,
                    3
                ],
                -3
            ]
        ],
        [
            [
                [
                    -10,
                    1
                ],
                -7
            ],
            [
                [
                    -8,
                    -14
                ],
                9
            ],
            [
                [
                    -7,
                    0
                ],
                -8
            ],
            [
                [
                    -4,
                    1
                ],
                1
            ],
            [
                [
                    -2,
                    -11
                ],
                7
            ],
            [
                [
                    -2,
                    -6
                ],
                12
            ],
            [
                [
                    0,
                    3
                ],
                14
            ],
            [
                [
                    8,
                    10
                ],
                -8
            ],
            [
                [
                    11,
                    12
                ],
                11
            ],
            [
                [
                    14,
                    -6
                ],
                -6
            ]
        ],
        [
            [
                [
                    -14,
                    -9
                ],
                -13
            ],
            [
                [
                    -14,
                    0
                ],
                -8
            ],
            [
                [
                    -11,
                    10
                ],
                10
            ],
            [
                [
                    -10,
                    -7
                ],
                11
            ],
            [
                [
                    -10,
                    1
                ],
                9
            ],
            [
                [
                    -8,
                    -1
                ],
                8
            ],
            [
                [
                    -6,
                    -4
                ],
                13
            ],
            [
                [
                    -5,
                    -3
                ],
                1
            ],
            [
                [
                    -4,
                    7
                ],
                -13
            ],
            [
                [
                    0,
                    -4
                ],
                6
            ],
            [
                [
                    2,
                    11
                ],
                -7
            ],
            [
                [
                    5,
                    5
                ],
                5
            ],
            [
                [
                    6,
                    6
                ],
                -2
            ]
        ],
        [
            [
                [
                    -14,
                    0
                ],
                13
            ],
            [
                [
                    -13,
                    4
                ],
                5
            ],
            [
                [
                    -8,
                    -8
                ],
                13
            ],
            [
                [
                    -7,
                    1
                ],
                -7
            ],
            [
                [
                    -3,
                    -4
                ],
                7
            ],
            [
                [
                    1,
                    12
                ],
                8
            ],
            [
                [
                    2,
                    1
                ],
                12
            ],
            [
                [
                    3,
                    4
                ],
                8
            ],
            [
                [
                    3,
                    13
                ],
                10
            ],
            [
                [
                    9,
                    6
                ],
                14
            ]
        ],
        [
            [
                [
                    -11,
                    13
                ],
                7
            ],
            [
                [
                    -10,
                    10
                ],
                11
            ],
            [
                [
                    -6,
                    13
                ],
                -5
            ],
            [
                [
                    -5,
                    0
                ],
                10
            ],
            [
                [
                    -4,
                    -4
                ],
                14
            ],
            [
                [
                    0,
                    -3
                ],
                -8
            ],
            [
                [
                    0,
                    4
                ],
                -4
            ],
            [
                [
                    1,
                    11
                ],
                -1
            ],
            [
                [
                    3,
                    0
                ],
                -4
            ],
            [
                [
                    3,
                    12
                ],
                13
            ],
            [
                [
                    8,
                    -7
                ],
                2
            ],
            [
                [
                    14,
                    -5
                ],
                -8
            ],
            [
                [
                    14,
                    1
                ],
                13
            ]
        ],
        [
            [
                [
                    -9,
                    1
                ],
                1
            ],
            [
                [
                    -8,
                    11
                ],
                5
            ]
        ],
        [
            [
                [
                    -11,
                    8
                ],
                3
            ],
            [
                [
                    -6,
                    -14
                ],
                -14
            ],
            [
                [
                    -6,
                    11
                ],
                2
            ],
            [
                [
                    -6,
                    14
                ],
                6
            ],
            [
                [
                    -4,
                    -1
                ],
                -5
            ],
            [
                [
                    0,
                    0
                ],
                14
            ],
            [
                [
                    1,
                    11
                ],
                8
            ],
            [
                [
                    2,
                    4
                ],
                -12
            ],
            [
                [
                    6,
                    -8
                ],
                7
            ],
            [
                [
                    8,
                    -5
                ],
                4
            ],
            [
                [
                    12,
                    -6
                ],
                5
            ],
            [
                [
                    13,
                    14
                ],
                -4
            ],
            [
                [
                    14,
                    0
                ],
                -3
            ]
        ]
    ],
    "seed": -142737232
}