{
    "samples": [
        {
            "-11": [
                2,
                7,
                8,
                10,
                12,
                14
            ],
            "-14": [
                1,
                2,
                4,
                5,
                6,
                9,
                10,
                11,
                12,
                13,
                14
            ],
            "-2": [
                7,
                10,
                11
            ],
            "-3": [
                0,
                2,
                3,
                6,
                9,
                12,
                13
            ],
            "-6": [
                0,
                1,
                3,
                8,
                9
            ],
            "11": [
                2,
                6,
                7,
                9,
                10,
                12,
                13
            ],
            "8": [
                0,
                5,
                7,
                9,
                11
            ]
        },
        {
            "-10": [
                3,
                9,
                11
            ],
            "-11": [
                12
            ],
            "6": [
                2
            ]
        },
        {
            "-12": [
                3,
                4,
                10,
                13
            ],
            "-8": [
                0,
                1,
                4,
                6,
                9,
                10,
                11,
                12,
                13
            ],
            "11": [
                4
            ]
        },
        {
            "11": [
                4,
                7,
                12
            ]
        },
        {
            "-13": [
                1,
                8,
                12,
                14
            ],
            "-3": [
                4,
                5,
                6,
                7,
                9,
                10,
                12,
                13
            ],
            "-9": [
                0,
                1,
                3,
                5,
                6,
                7,
                10,
                11,
                12,
                13,
                14
            ],
            "1": [
                1,
                2,
                12
            ],
            "10": [
                0,
                1,
                9,
                11,
                12,
                13,
                14
            ],
            "11": [
                0,
                1,
                4,
                5,
                7,
                9,
                12,
                13,
                14
            ]
        },
        {
            "-1": [
                1,
                3,
                4,
                7,
                8,
                9,
                10,
                11,
                12
            ],
            "-12": [
                0,
                4,
                9,
                10,
                11,
                13
            ],
            "-14": [
                1,
                7,
                10
            ],
            "-4": [
                0,
                14
            ],
            "2": [
                2,
                3,
                7,
                10,
                11,
                14
            ],
            "6": [
                0,
                1,
                6,
                7,
                9,
                10,
                11,
                13
            ]
        },
        {
            "-14": [
                0,
                1,
                2,
                3,
                4,
                5,
                6,
                8,
                9,
                12,
                13
            ],
            "-3": [
                2,
                6,
                7,
                10,
                12
            ],
            "-4": [
                0,
                1,
                4,
                5,
                14
            ],
            "-9": [
                0,
                2,
                3,
                5,
                6,
                7,
                9,
                10,
                12,
                13,
                14
            ],
            "0": [
                3,
                5,
                6,
                7,
                9
            ],
            "1": [
                0,
                5,
                9,
                11,
                13
            ],
            "10": [
                1,
                6,
                10,
                11,
                14
            ],
            "14": [
                0,
                1,
                3,
                4,
                8,
                9,
                10,
                11,
                13,
                14
            ]
        },
        {
            "-2": [
                0,
                1,
                3,
                4,
                9,
                10,
                12
            ],
            "11": [
                6,
                13,
                14
            ],
            "4": [
                1,
                5
            ],
            "7": [
                0,
                1,
                4,
                6,
                9,
                12
            ]
        },
        {},
        {
            "-12": [
                0,
                4,
                11,
                13
            ]
        }
    ],
    "seed": 83482652
}