{
    "samples": [
        {
            "": [
                -3
            ],
            "aaaaa": [
                5,
                -13,
                -11,
                5,
                -2,
                1,
                -14,
                -10,
                -4
            ],
            "aaaaaa": [
                4,
                8,
                7,
                -5,
                0,
                10,
                -8,
                -7,
                6,
                12,
                11,
                3
            ],
            "aaacaabaa": [
                9,
                -1,
                6
            ],
            "aabaaaac": [
                13,
                6,
                -8,
                -6,
                -7,
                7,
                -12,
                -1,
                -7,
                -1,
                -6,
                -3
            ],
            "aabaacaaabba": [
                7,
                7,
                -7,
                -13,
                12,
                3,
                -2,
                -10,
                -4,
                3,
                2,
                -9,
                11
            ],
            "ab": [
                -8,
                11,
                6,
                0,
                13,
                7,
                2,
                3,
                5,
                3
            ],
            "baaaaaaaaabaca": [
                -13,
                -4
            ],
            "bbaaaaaaac": [
                2,
                2,
                14,
                0,
                9,
                10
            ],
            "caaaaa": [
                -1,
                -11,
                -4
            ],
            "cbbaaa": [
                -10,
                8,
                -7,
                -7,
                10,
                1,
                -12,
                -14,
                -4,
                3,
                -13
            ]
        },
        {
            "aacaaaa": [
                3,
                -1
            ]
        },
        {
            "a": [
                1,
                -1,
                -6,
                -10,
                -11,
                6,
                -7,
                -5,
                -8,
                5,
                -3,
                10,
                -8,
                11,
                -13,
                3,
                -4,
                -12,
                1,
                -14
            ],
            "aaaa": [
                -7,
                -3,
                9,
                -10,
                7,
                6
            ],
            "aaaaaaabba": [
                1,
                8,
                7
            ],
            "aaaabaaaaaaa": [
                -10,
                -1,
                -12
            ],
            "aaaba": [
                -7
            ],
            "aaabaabbaa": [
                3,
                -14,
                -12,
                0,
                -4,
                1,
                -2,
                5,
                -5,
                -8,
                -14,
                11,
                7
            ],
            "baaaabab": [
                5,
                2,
                -5,
                3,
                13,
                -13,
                14,
                7,
                -8,
                14,
                -4
            ],
            "babaaba": [
                11,
                -2,
                2,
                -3,
                6,
                -10,
                10,
                -11,
                -1,
                -10,
                9,
                14,
                6
            ],
            "cacaaaaaaaabba": [
                13,
                -7,
                5,
                8,
                0,
                -3
            ]
        },
        {
            "aaabaaaaadaaaa": [
                3,
                2,
                -3
            ],
            "aaacb": [
                12,
                -8,
                0,
                9,
                -4,
                -6
            ],
            "abaaab": [
                12,
                12,
                -2,
                1,
                9,
                6,
                -5,
                -11,
                -7,
                4,
                -7,
                0,
                11
            ],
            "baaaaaaaaaaaa": [
                -1,
                -7,
                12,
                -9,
                -14,
                -8,
                0
            ],
            "caaabaaaaaabb": [
                12,
                -6,
                2,
                14,
                -8,
                -6,
                0,
                7
            ]
        },
        {
            "abaabbaaaaaabb": [
                -1,
                -11,
                -1,
                3,
                -8
            ]
        },
        {
            "aaababab": [
                1,
                6,
                0,
                7,
                -14,
                -2,
                12,
                2,
                -13,
                7,
                -13,
                -4,
                -1
            ],
            "ababb": [
                -8,
                9
            ],
            "bababaaaaaabaa": [
                2,
                -12,
                -5,
                11,
                -4,
                -12,
                -11,
                6,
                -4,
                -14,
                -1
            ]
        },
        {
            "aa": [
                10,
                -7,
                5,
                11,
                10,
                7,
                3,
                -2,
                -12,
                5,
                -13
            ],
            "aaaaa": [
                7,
                3,
                8,
                -3,
                -13
            ],
            "aaaaaa": [
                9,
                12,
                14,
                2,
                8,
                -11,
                5,
                8,
                6,
                -7,
                3,
                -5
            ],
            "aaaaaaa": [
                1,
                -3,
                9,
                -8,
                -10,
                -6,
                0,
                13,
                -9,
                6,
                3,
                1
            ],
            "aaaaaaaa": [
                -13,
                -11,
                -11,
                -9,
                -13,
                0,
                -7,
                7,
                -1,
                -4,
                -6,
                -11,
                7
            ],
            "aaaaabaaaaa": [
                10,
                -5,
                11,
                4,
                4,
                -4,
                -3,
                -8,
                5
            ],
            "aaaacaaaadcaa": [
                -3,
                -13,
                -4,
                -13,
                -7,
                8,
                6,
                2,
                -3,
                11,
                -8,
                9,
                9
            ],
            "aabaaaaaa": [
                -11,
                14,
                0,
                0,
                -12,
                -9
            ],
            "aabaabbaaaaaab": [
                -14,
                -8,
                -2,
                -13,
                9,
                -12,
                3,
                11,
                13,
                13
            ],
            "daaaaaaba": [
                11,
                1,
                -8
            ]
        },
        {
            "a": [
                -12,
                10,
                -12,
                -13,
                -3,
                -10,
                2,
                4,
                -9,
                1,
                3,
                7,
                0,
                0,
                7,
                4,
                -7,
                -9
            ],
            "aa": [
                9,
                7,
                -6,
                5,
                -2,
                11,
                10,
                1,
                -6
            ],
            "aaaa": [
                4,
                11,
                -6,
                8,
                -13,
                -7
            ],
            "aaaaa": [
                11,
                -8,
                -2,
                -6,
                9,
                8,
                13
            ],
            "aaaabbaa": [
                -8,
                -5,
                -9,
                -5
            ],
            "abaaaaba": [
                8,
                13,
                -3
            ],
            "aca": [
                -12,
                -7,
                -6
            ],
            "b": [
                -5
            ],
            "baabbaaaaaaaaa": [
                1,
                -9,
                -12,
                4,
                -10,
                -6,
                10,
                -8,
                -9,
                -11,
                -13,
                -2
            ]
        },
        {
            "a": [
                -5
            ],
            "aa": [
                -10,
                11,
                -10,
                2,
                -4,
                3,
                2,
                -10,
                -12,
                -5,
                11,
                -9,
                11
            ],
            "aaa": [
                10,
                8,
                10,
                3,
                1,
                8,
                4,
                11,
                -7,
                -12,
                -3,
                11,
                -2
            ],
            "aaaaacabbbbba": [
                -9,
                11,
                0,
                -13,
                -7,
                1,
                5,
                -9,
                -6,
                3,
                -13,
                -11,
                6
            ],
            "aaab": [
                14,
                11,
                -3,
                0,
                -7,
                9
            ],
            "aaabbaaaaba": [
                -6,
                -2,
                12,
                -4,
                -11
            ],
            "aababaaa": [
                -14,
                -12,
                -7,
                -1,
                -2,
                8,
                -2,
                12,
                -6
            ],
            "aabababbaaaa": [
                10,
                -2,
                -3,
                8,
                8,
                11
            ],
            "abaaaaaacaba": [
                -3,
                10,
                -7,
                -5,
                -2,
                -10,
                3,
                0
            ],
            "ababaababa": [
                2,
                -4,
                2,
                -10,
                4,
                -12,
                12,
                -4,
                5,
                -8,
                -10
            ],
            "acaabbbaaa": [
                -7,
                12,
                10,
                -9,
                3,
                0,
                2,
                -5,
                8,
                10,
                5,
                -2
            ],
            "acbbabaaab": [
                7,
                -6,
                4,
                -2,
                -1,
                0
            ],
            "baaaaaaaa": [
                -1,
                8,
                -6,
                -1,
                -14,
                10,
                5,
                9,
                -12,
                3,
                7,
                9
            ],
            "cbba": [
                0,
                0,
                12,
                -3,
                14,
                -2,
                3,
                13,
                -3
            ]
        },
        {
            "": [
                -14,
                -9,
                -1,
                -10,
                -1
            ],
            "aaaaaaaababbaa": [
                -12,
                6,
                -10,
                6
            ],
            "aabbabaaab": [
                9,
                8,
                -6,
                -12,
                -14,
                9,
                4,
                -1,
                -9,
                0,
                6,
                -10,
                -9,
                -5
            ],
            "ba": [
                0
            ]
        }
    ],
    "seed": -1407975722
}