{
    "samples": [
        {
            "-1": [
                12
            ],
            "-10": [
                10,
                1,
                7,
                5,
                8,
                14,
                6
            ],
            "-12": [
                12,
                8,
                9,
                0,
                0,
                0,
                3,
                8,
                9,
                4,
                6,
                9,
                14,
                3,
                13,
                9,
                9,
                10,
                10,
                6,
                1
            ],
            "-9": [
                11,
                4,
                0,
                11,
                3,
                14,
                1,
                11,
                9
            ],
            "0": [
                1,
                6,
                14,
                10,
                10,
                7,
                5,
                12,
                8,
                5
            ],
            "14": [
                9,
                1,
                14,
                9,
                11,
                2,
                3,
                0,
                2
            ]
        },
        {
            "-12": [
                11,
                0,
                12,
                12,
                7,
                3,
                0
            ]
        },
        {
            "1": [
                5,
                3,
                5,
                5,
                12,
                13
            ],
            "10": [
                9,
                4,
                12,
                8,
                14,
                2,
                11,
                11,
                12,
                5,
                14,
                0
            ],
            "12": [
                1,
                5,
                13,
                11,
                8,
                8,
                4,
                13,
                12,
                5
            ],
            "3": [
                2,
                13,
                4,
                4,
                13,
                4,
                4,
                9,
                11
            ],
            "4": [
                5,
                2,
                3,
                7,
                4,
                9
            ],
            "8": [
                5,
                6
            ]
        },
        {
            "-14": [
                6,
                0,
                5,
                13,
                13,
                13,
                7,
                7
            ],
            "-2": [
                12,
                1,
                6,
                3,
                1,
                7,
                13,
                0,
                14,
                13,
                10
            ]
        },
        {
            "-11": [
                10,
                13,
                7,
                5,
                8
            ],
            "-12": [
                6,
                9,
                0,
                7,
                5,
                1,
                5,
                9
            ],
            "-2": [
                6,
                8,
                4
            ],
            "-3": [
                5,
                7,
                2,
                5,
                9,
                12,
                0
            ],
            "-7": [
                7,
                4
            ],
            "1": [
                5,
                13,
                11,
                7,
                4
            ]
        },
        {
            "-10": [
                0,
                5,
                1,
                8,
                3,
                2,
                5,
                8,
                6
            ],
            "0": [
                12,
                13,
                6,
                7,
                14,
                10
            ],
            "11": [
                11,
                5,
                4,
                10,
                1,
                1,
                13,
                7,
                9,
                14,
                9,
                10,
                12,
                1
            ],
            "12": [
                14,
                5,
                12,
                12,
                3,
                2,
                11,
                12,
                10
            ],
            "2": [
                14,
                0,
                4,
                4,
                5,
                10,
                6,
                5,
                10,
                7
            ],
            "5": [
                6,
                5,
                0,
                2,
                13,
                11,
                10,
                13,
                4,
                2,
                10
            ],
            "7": [
                1,
                8,
                0,
                6,
                14,
                9,
                14,
                1,
                0,
                0
            ],
            "9": [
                13,
                12,
                2,
                0,
                11
            ]
        },
        {
            "-10": [
                2,
                1,
                13,
                14,
                6,
                1,
                12,
                0,
                5,
                6,
                1,
                12,
                8,
                3
            ],
            "-12": [
                14,
                13,
                10,
                8
            ],
            "0": [
                11,
                7,
                7,
                12,
                10,
                6,
                4,
                1,
                7,
                13,
                7,
                6
            ],
            "13": [
                0,
                3,
                0,
                9,
                10,
                7,
                9,
                10,
                1,
                12,
                11,
                0,
                2,
                3,
                10
            ],
            "3": [
                0,
                13,
                13,
                6,
                11,
                3,
                8
            ],
            "4": [
                4,
                7,
                12
            ],
            "9": [
                14,
                7,
                7,
                4,
                4,
                7,
                0,
                10,
                13,
                11
            ]
        },
        {
            "-10": [
                6,
                10,
                9,
                9,
                0,
                14,
                9,
                13,
                13,
                1,
                10,
                1,
                2,
                1,
                4,
                9,
                8,
                3,
                1,
                7,
                13,
                5
            ],
            "-13": [
                7,
                6,
                13
            ],
            "-5": [
                9,
                6,
                14,
                7,
                2,
                14,
                11,
                9,
                2,
                7,
                12
            ],
            "0": [
                10,
                1,
                6,
                2,
                11,
                10,
                12,
                3,
                4,
                11,
                12,
                1,
                14
            ],
            "13": [
                2,
                9,
                2,
                11,
                4,
                8,
                0,
                12,
                2
            ],
            "5": [
                8,
                14
            ],
            "9": [
                11,
                10,
                8,
                4,
                2,
                12,
                2,
                0,
                11,
                0,
                13,
                12,
                5,
                4,
                2,
                2,
                13,
                6,
                10
            ]
        },
        {
            "-14": [
                2,
                2,
                5
            ],
            "-6": [
                4,
                14,
                0,
                8,
                3,
                8,
                12,
                3
            ],
            "-8": [
                1,
                7,
                7,
                13,
                10,
                10,
                7
            ],
            "-9": [
                10,
                11,
                12
            ],
            "10": [
                1,
                0,
                3,
                5,
                10,
                3,
                1,
                6
            ],
            "8": [
                13,
                13,
                10,
                3
            ],
            "9": [
                5,
                5,
                6,
                14,
                14,
                14,
                10,
                11,
                9,
                10,
                13
            ]
        },
        {
            "-6": [
                5,
                9,
                6,
                13,
                5,
                5,
                4,
                13,
                13,
                8,
                1,
                8,
                11
            ],
            "-9": [
                4,
                0,
                4,
                4,
                0,
                4,
                2,
                4
            ],
            "11": [
                13,
                14,
                7,
                6,
                3,
                11
            ],
            "12": [
                11,
                6,
                1
            ],
            "8": [
                5,
                6,
                14,
                5,
                0,
                6,
                5,
                3,
                11,
                3,
                14,
                13
            ]
        }
    ],
    "seed": 423049305
}