{
    "samples": [
        [],
        [
            [
                [
                    -8,
                    10
                ],
                "aaaaaaaaaaaab"
            ],
            [
                [
                    -1,
                    -4
                ],
                "baaa"
            ],
            [
                [
                    14,
                    -7
                ],
                "aaaacabaabaaaa"
            ]
        ],
        [
            [
                [
                    -11,
                    11
                ],
                "aacabcabb"
            ],
            [
                [
                    -10,
                    6
                ],
                "aaacbbcabaa"
            ],
            [
                [
                    -9,
                    9
                ],
                "aaaabaaaaba"
            ],
            [
                [
                    -7,
                    -12
                ],
                "aaaaaaaa"
            ],
            [
                [
                    -6,
                    5
                ],
                "ba"
            ],
            [
                [
                    4,
                    -10
                ],
                "abaaaaa"
            ],
            [
                [
                    8,
                    11
                ],
                "aaadabcaa"
            ],
            [
                [
                    12,
                    -5
                ],
                "a"
            ]
        ],
        [
            [
                [
                    -14,
                    14
                ],
                "aaaaaba"
            ],
            [
                [
                    -4,
                    -3
                ],
                "aab"
            ],
            [
                [
                    -3,
                    11
                ],
                "abbbaaaaaaaa"
            ],
            [
                [
                    13,
                    4
                ],
                "aaac"
            ]
        ],
        [
            [
                [
                    -11,
                    2
                ],
                "aacaaa"
            ],
            [
                [
                    -1,
                    3
                ],
                "aaaacab"
            ],
            [
                [
                    7,
                    2
                ],
                "babaaaaabcabb"
            ]
        ],
        [
            [
                [
                    -13,
                    12
                ],
                "aaacbababbbaa"
            ],
            [
                [
                    -11,
                    -3
                ],
                "abbac"
            ],
            [
                [
                    -11,
                    11
                ],
                "bbaaaaaaaaaa"
            ],
            [
                [
                    -5,
                    9
                ],
                "aaa"
            ],
            [
                [
                    -5,
                    14
                ],
                "ab"
            ],
            [
                [
                    -2,
                    -11
                ],
                "aaaaaba"
            ],
            [
                [
                    1,
                    9
                ],
                "aaaaadaaa"
            ],
            [
                [
                    2,
                    8
                ],
                "aacaaaaabaaaa"
            ],
            [
                [
                    4,
                    7
                ],
                "ababbaaaaaaca"
            ],
            [
                [
                    7,
                    -4
                ],
                "babaaaabbb"
            ],
            [
                [
                    12,
                    -5
                ],
                "aabaaaaaaaaaa"
            ]
        ],
        [],
        [
            [
                [
                    -14,
                    -12
                ],
                "aaaaabbaabb"
            ],
            [
                [
                    -12,
                    3
                ],
                "aab"
            ],
            [
                [
                    -11,
                    -12
                ],
                "aaa"
            ],
            [
                [
                    -9,
                    5
                ],
                "aaaaaabaaa"
            ],
            [
                [
                    -7,
                    -7
                ],
                "aaabaa"
            ],
            [
                [
                    -4,
                    -5
                ],
                "aaaaa"
            ],
            [
                [
                    -2,
                    -3
                ],
                "aaaaadaa"
            ],
            [
                [
                    1,
                    -5
                ],
                "abacbbbaa"
            ],
            [
                [
                    2,
                    2
                ],
                "aaaaaaabaa"
            ],
            [
                [
                    2,
                    5
                ],
                "aaaaaaaa"
            ],
            [
                [
                    6,
                    -6
                ],
                "aaaa"
            ],
            [
                [
                    8,
                    -4
                ],
                "aaaaaaaaaaaaa"
            ],
            [
                [
                    11,
                    9
                ],
                "aaaababaabab"
            ]
        ],
        [
            [
                [
                    -14,
                    -14
                ],
                "aaab"
            ],
            [
                [
                    -9,
                    1
                ],
                "aaaaaabaababa"
            ],
            [
                [
                    0,
                    -8
                ],
                "ba"
            ],
            [
                [
                    1,
                    -6
                ],
                "caabaa"
            ],
            [
                [
                    2,
                    10
                ],
                "aaaa"
            ],
            [
                [
                    4,
                    -5
                ],
                "b"
            ],
            [
                [
                    10,
                    4
                ],
                "aaadababbaaba"
            ],
            [
                [
                    14,
                    -13
                ],
                "aaaaa"
            ],
            [
                [
                    14,
                    -10
                ],
                "abacaaaabaaa"
            ]
        ],
        [
            [
                [
                    -2,
                    1
                ],
                "aaa"
            ],
            [
                [
                    1,
                    -12
                ],
                "aaaaabaaaaaaab"
            ],
            [
                [
                    8,
                    0
                ],
                "a"
            ],
            [
                [
                    11,
                    13
                ],
                "aaaaaaa"
            ]
        ]
    ],
    "seed": -1516823690
}