{
    "samples": [
        [
            [
                [
                    -14,
                    -1
                ],
                {
                    "A": -11,
                    "B": 2,
                    "C": -21,
                    "D": 12
                }
            ],
            [
                [
                    -6,
                    -9
                ],
                {
                    "A": -9,
                    "B": -7,
                    "C": -7,
                    "D": -16
                }
            ],
            [
                [
                    -2,
                    -4
                ],
                {
                    "A": 28,
                    "B": 2,
                    "D": 5
                }
            ],
            [
                [
                    3,
                    -11
                ],
                {
                    "A": -27,
                    "B": -3,
                    "C": -4,
                    "D": 24
                }
            ],
            [
                [
                    12,
                    -6
                ],
                {
                    "B": 6,
                    "C": 8,
                    "D": -11
                }
            ]
        ],
        [
            [
                [
                    -7,
                    -6
                ],
                {
                    "B": -5,
                    "C": 23,
                    "D": -13
                }
            ],
            [
                [
                    -5,
                    -3
                ],
                {
                    "A": -20,
                    "B": -32,
                    "C": -15,
                    "D": 5
                }
            ],
            [
                [
                    -1,
                    0
                ],
                {
                    "C": -14,
                    "D": 13
                }
            ],
            [
                [
                    8,
                    10
                ],
                {
                    "A": 14,
                    "B": -14,
                    "C": 7,
                    "D": 13
                }
            ],
            [
                [
                    9,
                    -6
                ],
                {
                    "A": -7,
                    "B": 5,
                    "C": 20,
                    "D": 8
                }
            ],
            [
                [
                    9,
                    2
                ],
                {
                    "A": -4,
                    "D": 11
                }
            ]
        ],
        [
            [
                [
                    -13,
                    0
                ],
                {
                    "A": 7,
                    "B": -6,
                    "C": -10,
                    "D": 28
                }
            ],
            [
                [
                    -5,
                    10
                ],
                {
                    "A": 5,
                    "B": 6,
                    "C": -6,
                    "D": 11
                }
            ],
            [
                [
                    -5,
                    11
                ],
                {
                    "A": -7,
                    "C": 23,
                    "D": -6
                }
            ],
            [
                [
                    -1,
                    -7
                ],
                {
                    "A": 9,
                    "B": 1,
                    "C": 7,
                    "D": -7
                }
            ],
            [
                [
                    0,
                    6
                ],
                {
                    "A": -10,
                    "B": 13,
                    "C": -4,
                    "D": -9
                }
            ],
            [
                [
                    1,
                    -10
                ],
                {
                    "A": -13,
                    "B": 4,
                    "C": -6,
                    "D": 34
                }
            ],
            [
                [
                    1,
                    -8
                ],
                {
                    "A": 12,
                    "B": -16,
                    "C": 32,
                    "D": 20
                }
            ],
            [
                [
                    1,
                    7
                ],
                {
                    "B": -8,
                    "C": 7,
                    "D": 5
                }
            ],
            [
                [
                    2,
                    -4
                ],
                {
                    "A": -8,
                    "B": -11
                }
            ],
            [
                [
                    5,
                    4
                ],
                {
                    "A": -3,
                    "C": 16,
                    "D": 8
                }
            ],
            [
                [
                    9,
                    5
                ],
                {
                    "A": -11,
                    "B": 1,
                    "C": -3
                }
            ],
            [
                [
                    11,
                    13
                ],
                {
                    "A": -7,
                    "B": -17,
                    "C": -10,
                    "D": -10
                }
            ],
            [
                [
                    14,
                    -12
                ],
                {
                    "A": 9,
                    "B": 10,
                    "C": 9,
                    "D": 10
                }
            ]
        ],
        [
            [
                [
                    -13,
                    6
                ],
                {
                    "B": -4,
                    "C": 17
                }
            ],
            [
                [
                    -13,
                    11
                ],
                {
                    "B": -8,
                    "D": -7
                }
            ],
            [
                [
                    -2,
                    -2
                ],
                {
                    "A": 4,
                    "D": 7
                }
            ],
            [
                [
                    3,
                    -4
                ],
                {
                    "A": 9,
                    "B": -1,
                    "C": -15,
                    "D": 34
                }
            ],
            [
                [
                    4,
                    11
                ],
                {
                    "A": 6,
                    "B": 7,
                    "C": -9,
                    "D": 1
                }
            ],
            [
                [
                    7,
                    10
                ],
                {
                    "A": -5,
                    "B": -12,
                    "C": 9,
                    "D": 6
                }
            ],
            [
                [
                    12,
                    -8
                ],
                {
                    "A": -14,
                    "C": -2,
                    "D": 3
                }
            ]
        ],
        [
            [
                [
                    -9,
                    -3
                ],
                {
                    "A": -12,
                    "B": 3,
                    "C": 14,
                    "D": -5
                }
            ],
            [
                [
                    2,
                    -10
                ],
                {
                    "A": 6,
                    "C": -6
                }
            ],
            [
                [
                    6,
                    10
                ],
                {
                    "A": -2,
                    "B": 1,
                    "C": 8,
                    "D": -18
                }
            ],
            [
                [
                    13,
                    7
                ],
                {
                    "A": -13
                }
            ],
            [
                [
                    13,
                    11
                ],
                {
                    "B": 3,
                    "D": 3
                }
            ]
        ],
        [
            [
                [
                    -9,
                    6
                ],
                {
                    "A": -2,
                    "C": -2,
                    "D": 17
                }
            ],
            [
                [
                    -8,
                    13
                ],
                {
                    "A": -6,
                    "B": 21,
                    "C": 5,
                    "D": 19
                }
            ],
            [
                [
                    -7,
                    -10
                ],
                {
                    "B": 7,
                    "D": -22
                }
            ],
            [
                [
                    -7,
                    3
                ],
                {
                    "A": 3,
                    "B": -3,
                    "D": 14
                }
            ],
            [
                [
                    -6,
                    13
                ],
                {
                    "C": -13
                }
            ],
            [
                [
                    -2,
                    2
                ],
                {
                    "A": -12,
                    "B": -7,
                    "C": -10,
                    "D": 1
                }
            ],
            [
                [
                    2,
                    -12
                ],
                {
                    "A": 4
                }
            ],
            [
                [
                    6,
                    2
                ],
                {
                    "C": 10
                }
            ],
            [
                [
                    7,
                    5
                ],
                {
                    "A": 3,
                    "C": -14,
                    "D": 1
                }
            ],
            [
                [
                    9,
                    6
                ],
                {
                    "A": -5,
                    "B": 1,
                    "C": -22
                }
            ],
            [
                [
                    9,
                    8
                ],
                {
                    "A": 12,
                    "C": 8,
                    "D": 11
                }
            ]
        ],
        [
            [
                [
                    -14,
                    13
                ],
                {
                    "A": 13,
                    "B": -14,
                    "C": -19,
                    "D": 23
                }
            ],
            [
                [
                    0,
                    -1
                ],
                {
                    "A": -25,
                    "B": 15,
                    "C": -27,
                    "D": -7
                }
            ],
            [
                [
                    14,
                    -12
                ],
                {
                    "B": -34,
                    "C": 12,
                    "D": -7
                }
            ]
        ],
        [
            [
                [
                    -12,
                    12
                ],
                {
                    "B": 11,
                    "D": 7
                }
            ],
            [
                [
                    -8,
                    -4
                ],
                {
                    "C": -2,
                    "D": 10
                }
            ],
            [
                [
                    -7,
                    4
                ],
                {
                    "A": -11,
                    "B": -26,
                    "C": -11,
                    "D": -1
                }
            ],
            [
                [
                    -2,
                    -7
                ],
                {
                    "A": -9,
                    "D": 6
                }
            ],
            [
                [
                    -2,
                    5
                ],
                {
                    "A": 16,
                    "B": 7,
                    "C": 3,
                    "D": -4
                }
            ],
            [
                [
                    0,
                    -11
                ],
                {
                    "A": -8,
                    "B": -11,
                    "C": -4
                }
            ],
            [
                [
                    10,
                    -6
                ],
                {
                    "A": -10,
                    "B": -12
                }
            ]
        ],
        [
            [
                [
                    -8,
                    -1
                ],
                {
                    "A": 7,
                    "B": -4,
                    "C": -6,
                    "D": 5
                }
            ],
            [
                [
                    -4,
                    -5
                ],
                {
                    "A": 12,
                    "B": 8,
                    "C": 3,
                    "D": 12
                }
            ],
            [
                [
                    0,
                    13
                ],
                {
                    "A": -4,
                    "B": -15,
                    "C": -14
                }
            ],
            [
                [
                    3,
                    5
                ],
                {
                    "A": 9,
                    "D": -5
                }
            ]
        ],
        [
            [
                [
                    7,
                    10
                ],
                {
                    "A": 22,
                    "B": 15,
                    "C": -7,
                    "D": 17
                }
            ],
            [
                [
                    14,
                    7
                ],
                {
                    "A": 11,
                    "B": 7,
                    "C": 7,
                    "D": 12
                }
            ]
        ]
    ],
    "seed": 796822681
}