{
    "samples": [
        [
            [
                [
                    -13,
                    -12,
                    0,
                    1,
                    4,
                    -10,
                    13
                ],
                {
                    "A": 14,
                    "B": 1,
                    "C": -3,
                    "D": -14
                }
            ],
            [
                [
                    -8,
                    13,
                    8
                ],
                {
                    "A": 6,
                    "B": -11,
                    "D": 11
                }
            ],
            [
                [
                    -1,
                    -8,
                    -11
                ],
                {
                    "A": -7,
                    "B": -20,
                    "C": 17,
                    "D": 10
                }
            ],
            [
                [
                    -1,
                    12,
                    -5
                ],
                {
                    "A": 24,
                    "B": -7,
                    "C": 3,
                    "D": -17
                }
            ],
            [
                [
                    0,
                    2,
                    14,
                    -7,
                    2,
                    -5,
                    -3,
                    1,
                    1,
                    0
                ],
                {
                    "A": 14,
                    "B": 14,
                    "C": 1
                }
            ],
            [
                [
                    3,
                    5,
                    2,
                    5,
                    -13,
                    7,
                    10,
                    -14,
                    11,
                    -9,
                    7,
                    -9
                ],
                {
                    "A": 5,
                    "B": -6,
                    "C": -4,
                    "D": -1
                }
            ],
            [
                [
                    5,
                    -6,
                    -13,
                    -14,
                    -12,
                    4,
                    -13
                ],
                {
                    "A": 25,
                    "B": 13,
                    "C": -1,
                    "D": -8
                }
            ],
            [
                [
                    6,
                    2,
                    -12,
                    14,
                    11,
                    13,
                    3,
                    -7,
                    -6,
                    11,
                    -1,
                    -7
                ],
                {
                    "A": -12,
                    "C": 3,
                    "D": 6
                }
            ],
            [
                [
                    9,
                    -13,
                    -13,
                    -12,
                    14,
                    1,
                    7
                ],
                {
                    "B": -9,
                    "C": 8,
                    "D": -2
                }
            ],
            [
                [
                    10
                ],
                {
                    "A": -17,
                    "C": 12
                }
            ],
            [
                [
                    10,
                    -8,
                    11,
                    14,
                    -7,
                    11,
                    1
                ],
                {
                    "B": 11,
                    "D": -6
                }
            ]
        ],
        [
            [
                [
                    -12,
                    2,
                    11
                ],
                {
                    "A": 7,
                    "B": -19,
                    "C": 9,
                    "D": -6
                }
            ],
            [
                [
                    -12,
                    5,
                    -13,
                    -2,
                    -7,
                    -6,
                    -1,
                    0,
                    -1,
                    -13,
                    1,
                    1
                ],
                {
                    "A": 7,
                    "C": -14,
                    "D": -8
                }
            ],
            [
                [
                    -12,
                    13,
                    -2,
                    -1,
                    -7,
                    4,
                    6,
                    -12,
                    11,
                    1,
                    11
                ],
                {
                    "A": 13,
                    "B": -20,
                    "C": 9,
                    "D": 23
                }
            ],
            [
                [
                    -7,
                    -14,
                    7,
                    -4,
                    13,
                    -6,
                    -4
                ],
                {
                    "A": -1,
                    "B": 11,
                    "C": 5
                }
            ],
            [
                [
                    -2,
                    -10,
                    2,
                    -6,
                    -13,
                    -8,
                    -5
                ],
                {
                    "A": 2,
                    "B": 6,
                    "C": -10
                }
            ],
            [
                [
                    9,
                    2,
                    8,
                    9,
                    -3,
                    -4,
                    -4,
                    -6,
                    -13,
                    -11
                ],
                {
                    "A": -14,
                    "B": 22,
                    "C": -5,
                    "D": 41
                }
            ],
            [
                [
                    14,
                    14,
                    -3,
                    1
                ],
                {
                    "A": 1,
                    "C": 13
                }
            ]
        ],
        [
            [
                [
                    -14,
                    -13
                ],
                {
                    "A": 18,
                    "B": -6,
                    "C": -4,
                    "D": 18
                }
            ],
            [
                [
                    -14,
                    10,
                    -6,
                    4
                ],
                {
                    "A": -14,
                    "B": -4,
                    "C": -20
                }
            ],
            [
                [
                    -10
                ],
                {
                    "A": 14,
                    "C": 9,
                    "D": 20
                }
            ],
            [
                [
                    -9,
                    8,
                    8,
                    -8,
                    0,
                    0,
                    8,
                    1,
                    -1,
                    -8,
                    4,
                    4
                ],
                {
                    "A": 21,
                    "B": 14,
                    "D": 11
                }
            ],
            [
                [
                    -8,
                    -4,
                    11,
                    10,
                    -6,
                    -7,
                    11,
                    -9,
                    0
                ],
                {
                    "B": -7,
                    "D": 9
                }
            ],
            [
                [
                    -4,
                    5
                ],
                {
                    "A": 1,
                    "B": 4,
                    "D": -7
                }
            ],
            [
                [
                    -4,
                    5,
                    7,
                    -7,
                    -10,
                    -2,
                    4,
                    14,
                    5,
                    4,
                    8,
                    -3,
                    6,
                    10
                ],
                {
                    "A": -14,
                    "B": -9,
                    "C": 19,
                    "D": -4
                }
            ],
            [
                [
                    8,
                    -13,
                    -1,
                    -7,
                    2,
                    1
                ],
                {
                    "A": -3,
                    "B": -3,
                    "C": 5,
                    "D": -16
                }
            ],
            [
                [
                    8,
                    9,
                    8,
                    13,
                    6
                ],
                {
                    "A": -2,
                    "B": 4,
                    "D": -9
                }
            ],
            [
                [
                    12
                ],
                {
                    "A": -9,
                    "B": 16,
                    "C": 7,
                    "D": -10
                }
            ],
            [
                [
                    12,
                    5,
                    5,
                    2,
                    2
                ],
                {
                    "B": 13,
                    "D": -36
                }
            ],
            [
                [
                    13,
                    -7,
                    -1,
                    12,
                    -2,
                    4
                ],
                {
                    "A": 1,
                    "B": 3
                }
            ]
        ],
        [
            [
                [
                    -14,
                    1,
                    3,
                    -4,
                    3,
                    -2,
                    3
                ],
                {
                    "A": -6,
                    "B": 12,
                    "C": 6
                }
            ],
            [
                [
                    -12,
                    -13,
                    -7,
                    -12,
                    13,
                    -11,
                    -5,
                    -4,
                    2
                ],
                {
                    "B": 1,
                    "C": -5,
                    "D": 8
                }
            ],
            [
                [
                    -12,
                    -3,
                    5,
                    4,
                    3,
                    1,
                    -2,
                    -6,
                    -3,
                    9,
                    -12,
                    6
                ],
                {
                    "B": -4,
                    "D": -13
                }
            ],
            [
                [
                    -10,
                    -7,
                    8
                ],
                {
                    "A": -3,
                    "B": -6,
                    "C": -6,
                    "D": 14
                }
            ],
            [
                [
                    -9,
                    9,
                    6,
                    6,
                    -14,
                    13,
                    12
                ],
                {
                    "A": -6,
                    "B": 4,
                    "C": -25,
                    "D": -12
                }
            ],
            [
                [
                    -4,
                    9,
                    -12,
                    7,
                    -10,
                    1,
                    3,
                    6,
                    -3
                ],
                {
                    "A": 13,
                    "B": -7,
                    "C": -14,
                    "D": -3
                }
            ],
            [
                [
                    -3,
                    -1,
                    -14,
                    12,
                    5,
                    12,
                    -1,
                    -3,
                    -1,
                    6,
                    5
                ],
                {
                    "A": -14,
                    "B": -1,
                    "C": -14,
                    "D": 3
                }
            ],
            [
                [
                    -2,
                    3,
                    2,
                    -4,
                    14,
                    -11,
                    -7,
                    -5,
                    -8,
                    -13,
                    9
                ],
                {
                    "B": 17,
                    "C": -7
                }
            ],
            [
                [
                    0,
                    -3,
                    1,
                    -8,
                    -10,
                    9,
                    -11
                ],
                {
                    "A": 8,
                    "B": 1,
                    "C": -6,
                    "D": 7
                }
            ],
            [
                [
                    4,
                    11,
                    9,
                    4,
                    4,
                    -9,
                    5,
                    0,
                    -1,
                    3,
                    -3,
                    12,
                    -4
                ],
                {
                    "A": 9,
                    "B": 4,
                    "C": 41,
                    "D": -4
                }
            ],
            [
                [
                    6,
                    4,
                    13,
                    -5,
                    -5,
                    3,
                    10,
                    6,
                    11
                ],
                {
                    "A": -3,
                    "C": 9,
                    "D": 7
                }
            ],
            [
                [
                    6,
                    5,
                    0,
                    7,
                    0,
                    13,
                    7,
                    7,
                    2,
                    -13
                ],
                {
                    "A": -7,
                    "B": -25,
                    "D": -29
                }
            ],
            [
                [
                    11,
                    14
                ],
                {
                    "A": 21,
                    "B": 7,
                    "C": -10,
                    "D": -21
                }
            ]
        ],
        [],
        [],
        [
            [
                [
                    6,
                    -2,
                    -13
                ],
                {
                    "A": -9,
                    "B": 3,
                    "C": 2
                }
            ]
        ],
        [
            [
                [
                    -9,
                    -5,
                    11,
                    -10,
                    6,
                    4,
                    7,
                    -8,
                    -14,
                    0,
                    -11
                ],
                {
                    "A": -2,
                    "B": -5,
                    "C": 1
                }
            ],
            [
                [
                    -7,
                    3,
                    -10,
                    -7,
                    -13,
                    -13,
                    4,
                    0
                ],
                {
                    "A": -6,
                    "B": -11,
                    "C": 11,
                    "D": -14
                }
            ],
            [
                [
                    -7,
                    12,
                    11
                ],
                {
                    "A": -2,
                    "B": 5,
                    "C": -3
                }
            ],
            [
                [
                    -5,
                    -3,
                    1,
                    -1,
                    -2,
                    -9,
                    -13,
                    0,
                    6
                ],
                {
                    "B": 13,
                    "D": 11
                }
            ],
            [
                [
                    -5,
                    6,
                    -8,
                    0,
                    14,
                    2,
                    -2,
                    -3,
                    -6,
                    12,
                    12,
                    1,
                    14
                ],
                {
                    "A": -27,
                    "B": -23,
                    "C": -3,
                    "D": -6
                }
            ],
            [
                [
                    -4,
                    14,
                    9,
                    -13,
                    -14,
                    13,
                    7,
                    13,
                    -5,
                    -12,
                    6,
                    2
                ],
                {
                    "A": -2,
                    "B": -7,
                    "C": -7,
                    "D": -4
                }
            ],
            [
                [
                    3,
                    11,
                    -10,
                    -11
                ],
                {
                    "A": 18
                }
            ],
            [
                [
                    10,
                    -12,
                    -10,
                    9,
                    -2,
                    -1,
                    6,
                    14
                ],
                {
                    "A": 2,
                    "B": 17,
                    "C": 16,
                    "D": 35
                }
            ],
            [
                [
                    13,
                    4,
                    10,
                    0
                ],
                {
                    "A": 12,
                    "C": 20,
                    "D": -20
                }
            ]
        ],
        [
            [
                [
                    -12
                ],
                {
                    "A": -9,
                    "B": 28,
                    "C": 13,
                    "D": 10
                }
            ],
            [
                [
                    -6,
                    2,
                    2,
                    -11,
                    13,
                    1,
                    -7,
                    6
                ],
                {
                    "A": -23,
                    "C": 10,
                    "D": 20
                }
            ],
            [
                [
                    -5,
                    -13,
                    11,
                    -12,
                    13,
                    10,
                    4,
                    -6,
                    2,
                    -5,
                    -2,
                    6,
                    5,
                    -13
                ],
                {
                    "A": -1,
                    "D": 13
                }
            ],
            [
                [
                    2,
                    -9,
                    -14,
                    6,
                    3,
                    -5,
                    6,
                    -3
                ],
                {
                    "A": -10,
                    "B": -26,
                    "C": -12,
                    "D": -9
                }
            ],
            [
                [
                    6,
                    7,
                    8
                ],
                {
                    "A": -10,
                    "B": -9,
                    "C": -18,
                    "D": 5
                }
            ],
            [
                [
                    9,
                    -13,
                    9,
                    -14,
                    14,
                    -14,
                    13,
                    -13,
                    6,
                    -11,
                    13,
                    13,
                    5
                ],
                {
                    "A": 14,
                    "B": 14,
                    "C": -23,
                    "D": 7
                }
            ],
            [
                [
                    11,
                    4,
                    -14,
                    12,
                    -10,
                    1,
                    14,
                    -7
                ],
                {
                    "A": 17,
                    "B": -21,
                    "C": 21,
                    "D": -21
                }
            ],
            [
                [
                    14,
                    -8,
                    4,
                    -4,
                    -2,
                    5,
                    4,
                    9,
                    -11,
                    -12,
                    6,
                    1,
                    -2,
                    4
                ],
                {
                    "A": 17,
                    "B": -13,
                    "C": 12,
                    "D": -25
                }
            ]
        ],
        [
            [
                [],
                {
                    "A": -7,
                    "B": 4,
                    "C": 39,
                    "D": -1
                }
            ],
            [
                [
                    -14,
                    1,
                    13,
                    -7,
                    11,
                    10,
                    -13,
                    -8,
                    6,
                    11,
                    -12,
                    -8
                ],
                {
                    "B": -16
                }
            ],
            [
                [
                    -10,
                    5,
                    -4,
                    -8,
                    -14,
                    1,
                    -6,
                    9,
                    -9,
                    4,
                    -2,
                    3,
                    -5,
                    14
                ],
                {
                    "A": 1,
                    "B": -10,
                    "C": 3,
                    "D": 3
                }
            ],
            [
                [
                    -7,
                    4,
                    -9,
                    -7,
                    9,
                    -14,
                    11,
                    14,
                    3,
                    1,
                    -8,
                    1,
                    14
                ],
                {
                    "A": 2,
                    "C": -5,
                    "D": 8
                }
            ],
            [
                [
                    -6,
                    1,
                    -1,
                    10,
                    12,
                    8,
                    -3,
                    1,
                    12
                ],
                {
                    "A": -4,
                    "C": -11
                }
            ],
            [
                [
                    -4,
                    1
                ],
                {
                    "A": 2,
                    "B": 9
                }
            ],
            [
                [
                    4,
                    -1,
                    -7,
                    6,
                    7,
                    -14,
                    12
                ],
                {
                    "C": 13
                }
            ],
            [
                [
                    8,
                    -5,
                    -14,
                    -11,
                    3,
                    -9,
                    12,
                    -14,
                    -12,
                    -7,
                    4,
                    7,
                    -12
                ],
                {
                    "A": -4,
                    "B": 8,
                    "C": -11,
                    "D": -10
                }
            ],
            [
                [
                    8,
                    5,
                    -7,
                    10
                ],
                {
                    "A": 1,
                    "B": 29,
                    "C": -8,
                    "D": -9
                }
            ],
            [
                [
                    10,
                    3,
                    -12,
                    3,
                    -2,
                    10,
                    -2,
                    10,
                    -2
                ],
                {
                    "A": 2,
                    "B": -3,
                    "C": -7,
                    "D": -11
                }
            ],
            [
                [
                    12,
                    -14,
                    7,
                    11,
                    11,
                    12,
                    2,
                    11,
                    -2,
                    4
                ],
                {
                    "B": -13,
                    "D": 14
                }
            ],
            [
                [
                    14,
                    -5,
                    -6,
                    -2
                ],
                {
                    "A": -6,
                    "B": 22,
                    "C": -3,
                    "D": -14
                }
            ]
        ]
    ],
    "seed": -1747382821
}