{
    "samples": [
        {
            "-10": [
                -8,
                -4,
                -3,
                -2,
                1,
                4,
                5,
                8
            ],
            "-14": [
                -14,
                -12,
                -10,
                -9,
                -3,
                -1,
                8,
                9,
                14
            ],
            "-5": [
                -14,
                -13,
                -11,
                -9,
                -8,
                -7,
                -2,
                11,
                13
            ],
            "0": [
                -13,
                -9,
                -6,
                -5,
                -4,
                -3,
                -2,
                -1,
                2,
                4,
                5,
                9,
                12,
                13
            ],
            "13": [
                -14,
                -13,
                -12,
                -10,
                -5,
                3,
                5,
                12,
                13,
                14
            ],
            "2": [
                -13,
                -7,
                -4,
                -1,
                2,
                4,
                10,
                11,
                13,
                14
            ]
        },
        {
            "-11": [
                -14,
                -13,
                -11,
                -8,
                -2,
                -1,
                11,
                12
            ],
            "-13": [
                -14,
                -13,
                -12,
                -9,
                -6,
                3,
                9,
                10,
                11,
                13,
                14
            ],
            "-6": [
                -11,
                -8,
                -4,
                0,
                2,
                3,
                6,
                8,
                14
            ],
            "0": [
                -6,
                -5,
                -2
            ],
            "1": [
                -13,
                -11,
                -8,
                -4,
                -3,
                0,
                3,
                5,
                7,
                10,
                14
            ],
            "2": [
                -12,
                -7,
                -4,
                -3,
                -2,
                1,
                10,
                14
            ],
            "5": [
                -12,
                -9,
                -4,
                -1,
                1,
                2,
                3,
                14
            ],
            "6": [
                -14,
                4
            ]
        },
        {
            "-13": [
                -12,
                -6,
                -3,
                -1,
                0,
                2,
                7,
                9,
                11,
                12
            ],
            "-3": [
                -5,
                1,
                4
            ],
            "14": [
                -13,
                -12,
                1,
                6,
                7,
                8,
                13
            ],
            "6": [
                -14,
                -13,
                -8,
                3,
                4,
                6,
                9,
                14
            ]
        },
        {
            "-12": [
                -13,
                -12,
                -6,
                -1,
                0,
                5,
                9,
                11
            ],
            "-13": [
                -14,
                -13,
                -12,
                -3,
                1,
                2,
                4,
                6,
                7,
                9,
                10
            ],
            "-4": [
                -12,
                5,
                11
            ],
            "-6": [
                9
            ],
            "-7": [
                -9,
                -7,
                -6,
                -4,
                -2,
                0,
                2,
                5,
                11
            ],
            "14": [
                -13,
                -12,
                -9,
                -8,
                -6,
                -5,
                0,
                6,
                11,
                13
            ],
            "7": [
                -11,
                -8,
                -4,
                0,
                5,
                7,
                12,
                14
            ]
        },
        {},
        {
            "-1": [
                -14,
                -7,
                -6,
                -5,
                -1,
                6,
                8,
                9
            ],
            "-2": [
                -12,
                -8,
                -7,
                -3,
                2
            ],
            "0": [
                -12,
                -7,
                -1,
                3,
                9,
                13
            ],
            "1": [
                -14,
                -11,
                -10,
                -7,
                -4,
                2,
                3,
                8,
                11
            ],
            "13": [
                -14,
                -13,
                -8,
                -7,
                -4,
                -2,
                1,
                2,
                3,
                5,
                7,
                8,
                10,
                12,
                13,
                14
            ],
            "14": [
                -11,
                -8,
                0,
                1,
                2,
                5,
                8,
                10,
                11,
                13
            ],
            "5": [
                -6,
                1,
                4
            ],
            "6": [
                -14,
                -6,
                -2
            ],
            "7": [
                -14,
                -12,
                -11,
                -9,
                -7,
                -6,
                -5,
                -3,
                0,
                2,
                4,
                5,
                8,
                9,
                10,
                11,
                12,
                14
            ]
        },
        {
            "-6": [
                3,
                4,
                6,
                13
            ],
            "7": [
                -10,
                -9,
                -1,
                0,
                1,
                5
            ],
            "8": [
                -14,
                -13,
                -12,
                -3,
                -2,
                -1,
                6,
                7
            ]
        },
        {
            "-10": [
                -14,
                3,
                11,
                12,
                13
            ],
            "-13": [
                4,
                6,
                9,
                13
            ],
            "-6": [
                -14,
                -9,
                -7,
                -4,
                2,
                3,
                13,
                14
            ],
            "11": [
                -5,
                4,
                6
            ],
            "12": [
                -11,
                -3,
                -2,
                13
            ],
            "6": [
                -7,
                -3,
                -2,
                -1,
                4,
                14
            ]
        },
        {
            "-1": [
                -8,
                -4,
                2,
                5,
                7,
                11,
                12,
                13
            ]
        },
        {
            "10": [
                -14,
                -11,
                -10,
                -9,
                -6,
                -1,
                0,
                4,
                5,
                9,
                13
            ],
            "12": [
                -12,
                8,
                12
            ],
            "13": [
                -13,
                -5,
                -4,
                -3,
                0,
                6,
                10,
                11
            ],
            "7": [
                -3,
                7,
                8
            ],
            "8": [
                -14,
                -13,
                -12,
                -11,
                -6
            ],
            "9": [
                -3,
                4,
                6,
                7,
                12
            ]
        }
    ],
    "seed": 725583516
}